Archive member included to satisfy reference by file (symbol)

/home/Soft/gcc-arm-none-eabi/bin/../lib/gcc/arm-none-eabi/8.2.1/../../../../arm-none-eabi/lib/thumb/v7e-m/nofp/libstdc++_nano.a(si_class_type_info.o)
                              CMakeFiles/ArmCpp.elf.dir/Cmd/G0.cpp.obj (vtable for __cxxabiv1::__si_class_type_info)
/home/Soft/gcc-arm-none-eabi/bin/../lib/gcc/arm-none-eabi/8.2.1/../../../../arm-none-eabi/lib/thumb/v7e-m/nofp/libstdc++_nano.a(tinfo.o)
                              /home/Soft/gcc-arm-none-eabi/bin/../lib/gcc/arm-none-eabi/8.2.1/../../../../arm-none-eabi/lib/thumb/v7e-m/nofp/libstdc++_nano.a(si_class_type_info.o) (std::type_info::__is_pointer_p() const)
/home/Soft/gcc-arm-none-eabi/bin/../lib/gcc/arm-none-eabi/8.2.1/../../../../arm-none-eabi/lib/thumb/v7e-m/nofp/libstdc++_nano.a(class_type_info.o)
                              /home/Soft/gcc-arm-none-eabi/bin/../lib/gcc/arm-none-eabi/8.2.1/../../../../arm-none-eabi/lib/thumb/v7e-m/nofp/libstdc++_nano.a(si_class_type_info.o) (__cxxabiv1::__class_type_info::__do_upcast(__cxxabiv1::__class_type_info const*, void**) const)
/home/Soft/gcc-arm-none-eabi/bin/../lib/gcc/arm-none-eabi/8.2.1/../../../../arm-none-eabi/lib/thumb/v7e-m/nofp/libstdc++_nano.a(del_ops.o)
                              /home/Soft/gcc-arm-none-eabi/bin/../lib/gcc/arm-none-eabi/8.2.1/../../../../arm-none-eabi/lib/thumb/v7e-m/nofp/libstdc++_nano.a(si_class_type_info.o) (operator delete(void*, unsigned int))
/home/Soft/gcc-arm-none-eabi/bin/../lib/gcc/arm-none-eabi/8.2.1/../../../../arm-none-eabi/lib/thumb/v7e-m/nofp/libstdc++_nano.a(del_op.o)
                              /home/Soft/gcc-arm-none-eabi/bin/../lib/gcc/arm-none-eabi/8.2.1/../../../../arm-none-eabi/lib/thumb/v7e-m/nofp/libstdc++_nano.a(del_ops.o) (operator delete(void*))
/home/Soft/gcc-arm-none-eabi/bin/../lib/gcc/arm-none-eabi/8.2.1/thumb/v7e-m/nofp/libgcc.a(_arm_addsubdf3.o)
                              CMakeFiles/ArmCpp.elf.dir/Dev/Pid.cpp.obj (__aeabi_dsub)
/home/Soft/gcc-arm-none-eabi/bin/../lib/gcc/arm-none-eabi/8.2.1/thumb/v7e-m/nofp/libgcc.a(_arm_muldivdf3.o)
                              CMakeFiles/ArmCpp.elf.dir/Cmd/M400.cpp.obj (__aeabi_dmul)
/home/Soft/gcc-arm-none-eabi/bin/../lib/gcc/arm-none-eabi/8.2.1/thumb/v7e-m/nofp/libgcc.a(_arm_cmpdf2.o)
                              CMakeFiles/ArmCpp.elf.dir/Cmd/G0.cpp.obj (__aeabi_dcmpeq)
/home/Soft/gcc-arm-none-eabi/bin/../lib/gcc/arm-none-eabi/8.2.1/thumb/v7e-m/nofp/libgcc.a(_arm_fixdfsi.o)
                              CMakeFiles/ArmCpp.elf.dir/DtLib/Math/DtMath.cpp.obj (__aeabi_d2iz)
/home/Soft/gcc-arm-none-eabi/bin/../lib/gcc/arm-none-eabi/8.2.1/thumb/v7e-m/nofp/libgcc.a(_arm_fixunsdfsi.o)
                              CMakeFiles/ArmCpp.elf.dir/Cmd/G0.cpp.obj (__aeabi_d2uiz)
/home/Soft/gcc-arm-none-eabi/bin/../lib/gcc/arm-none-eabi/8.2.1/thumb/v7e-m/nofp/libgcc.a(_arm_truncdfsf2.o)
                              CMakeFiles/ArmCpp.elf.dir/Cmd/M104.cpp.obj (__aeabi_d2f)
/home/Soft/gcc-arm-none-eabi/bin/../lib/gcc/arm-none-eabi/8.2.1/thumb/v7e-m/nofp/libgcc.a(_arm_addsubsf3.o)
                              CMakeFiles/ArmCpp.elf.dir/Dev/Ntc.cpp.obj (__aeabi_fsub)
/home/Soft/gcc-arm-none-eabi/bin/../lib/gcc/arm-none-eabi/8.2.1/thumb/v7e-m/nofp/libgcc.a(_arm_muldivsf3.o)
                              CMakeFiles/ArmCpp.elf.dir/Dev/Drv8711.cpp.obj (__aeabi_fmul)
/home/Soft/gcc-arm-none-eabi/bin/../lib/gcc/arm-none-eabi/8.2.1/thumb/v7e-m/nofp/libgcc.a(_arm_cmpsf2.o)
                              CMakeFiles/ArmCpp.elf.dir/Dev/Ntc.cpp.obj (__aeabi_fcmplt)
/home/Soft/gcc-arm-none-eabi/bin/../lib/gcc/arm-none-eabi/8.2.1/thumb/v7e-m/nofp/libgcc.a(_arm_fixsfsi.o)
                              CMakeFiles/ArmCpp.elf.dir/Dev/Pid.cpp.obj (__aeabi_f2iz)
/home/Soft/gcc-arm-none-eabi/bin/../lib/gcc/arm-none-eabi/8.2.1/thumb/v7e-m/nofp/libgcc.a(_arm_fixunssfsi.o)
                              CMakeFiles/ArmCpp.elf.dir/Dev/Drv8711.cpp.obj (__aeabi_f2uiz)
/home/Soft/gcc-arm-none-eabi/bin/../lib/gcc/arm-none-eabi/8.2.1/../../../../arm-none-eabi/lib/thumb/v7e-m/nofp/libg_nano.a(lib_a-errno.o)
                              CMakeFiles/ArmCpp.elf.dir/Core/Sys.c.obj (__errno)
/home/Soft/gcc-arm-none-eabi/bin/../lib/gcc/arm-none-eabi/8.2.1/../../../../arm-none-eabi/lib/thumb/v7e-m/nofp/libg_nano.a(lib_a-exit.o)
                              /home/Soft/gcc-arm-none-eabi/bin/../lib/gcc/arm-none-eabi/8.2.1/../../../../arm-none-eabi/lib/thumb/v7e-m/nofp/crt0.o (exit)
/home/Soft/gcc-arm-none-eabi/bin/../lib/gcc/arm-none-eabi/8.2.1/../../../../arm-none-eabi/lib/thumb/v7e-m/nofp/libg_nano.a(lib_a-impure.o)
                              /home/Soft/gcc-arm-none-eabi/bin/../lib/gcc/arm-none-eabi/8.2.1/../../../../arm-none-eabi/lib/thumb/v7e-m/nofp/libg_nano.a(lib_a-exit.o) (_global_impure_ptr)
/home/Soft/gcc-arm-none-eabi/bin/../lib/gcc/arm-none-eabi/8.2.1/../../../../arm-none-eabi/lib/thumb/v7e-m/nofp/libg_nano.a(lib_a-init.o)
[...]
Memory Configuration

Name             Origin             Length             Attributes
RAM              0x0000000020000000 0x0000000000020000 xrw
CCMRAM           0x0000000010000000 0x0000000000010000 rw
FLASH            0x0000000008000000 0x0000000000100000 xr
*default*        0x0000000000000000 0xffffffffffffffff

Linker script and memory map

LOAD /home/Soft/gcc-arm-none-eabi/bin/../lib/gcc/arm-none-eabi/8.2.1/thumb/v7e-m/nofp/crti.o
LOAD /home/Soft/gcc-arm-none-eabi/bin/../lib/gcc/arm-none-eabi/8.2.1/thumb/v7e-m/nofp/crtbegin.o
LOAD /home/Soft/gcc-arm-none-eabi/bin/../lib/gcc/arm-none-eabi/8.2.1/../../../../arm-none-eabi/lib/thumb/v7e-m/nofp/crt0.o
LOAD CMakeFiles/ArmCpp.elf.dir/App/CmdMana.cpp.obj
LOAD CMakeFiles/ArmCpp.elf.dir/App/Main.cpp.obj
LOAD CMakeFiles/ArmCpp.elf.dir/Cmd/G0.cpp.obj
LOAD CMakeFiles/ArmCpp.elf.dir/Cmd/G21.cpp.obj
LOAD CMakeFiles/ArmCpp.elf.dir/Cmd/G28.cpp.obj
LOAD CMakeFiles/ArmCpp.elf.dir/Cmd/G90.cpp.obj
LOAD CMakeFiles/ArmCpp.elf.dir/Cmd/G91.cpp.obj
LOAD CMakeFiles/ArmCpp.elf.dir/Cmd/G92.cpp.obj
LOAD CMakeFiles/ArmCpp.elf.dir/Cmd/M104.cpp.obj
LOAD CMakeFiles/ArmCpp.elf.dir/Cmd/M105.cpp.obj
LOAD CMakeFiles/ArmCpp.elf.dir/Cmd/M106.cpp.obj
LOAD CMakeFiles/ArmCpp.elf.dir/Cmd/M107.cpp.obj
LOAD CMakeFiles/ArmCpp.elf.dir/Cmd/M109.cpp.obj
LOAD CMakeFiles/ArmCpp.elf.dir/Cmd/M110.cpp.obj
LOAD CMakeFiles/ArmCpp.elf.dir/Cmd/M111.cpp.obj
LOAD CMakeFiles/ArmCpp.elf.dir/Cmd/M114.cpp.obj
LOAD CMakeFiles/ArmCpp.elf.dir/Cmd/M115.cpp.obj
LOAD CMakeFiles/ArmCpp.elf.dir/Cmd/M140.cpp.obj
LOAD CMakeFiles/ArmCpp.elf.dir/Cmd/M190.cpp.obj
LOAD CMakeFiles/ArmCpp.elf.dir/Cmd/M20.cpp.obj
LOAD CMakeFiles/ArmCpp.elf.dir/Cmd/M201.cpp.obj
LOAD CMakeFiles/ArmCpp.elf.dir/Cmd/M202.cpp.obj
LOAD CMakeFiles/ArmCpp.elf.dir/Cmd/M220.cpp.obj
LOAD CMakeFiles/ArmCpp.elf.dir/Cmd/M221.cpp.obj
LOAD CMakeFiles/ArmCpp.elf.dir/Cmd/M270.cpp.obj
LOAD CMakeFiles/ArmCpp.elf.dir/Cmd/M400.cpp.obj
LOAD CMakeFiles/ArmCpp.elf.dir/Cmd/M80.cpp.obj
LOAD CMakeFiles/ArmCpp.elf.dir/Cmd/M81.cpp.obj
LOAD CMakeFiles/ArmCpp.elf.dir/Cmd/M82.cpp.obj
LOAD CMakeFiles/ArmCpp.elf.dir/Cmd/M84.cpp.obj
LOAD CMakeFiles/ArmCpp.elf.dir/Cmd/T0.cpp.obj
LOAD CMakeFiles/ArmCpp.elf.dir/Cmd/X0.cpp.obj
LOAD CMakeFiles/ArmCpp.elf.dir/Cmd/X10.cpp.obj
LOAD CMakeFiles/ArmCpp.elf.dir/Core/Core.cpp.obj
LOAD CMakeFiles/ArmCpp.elf.dir/Core/CoreOs.cpp.obj
LOAD CMakeFiles/ArmCpp.elf.dir/Core/Init.cpp.obj
LOAD CMakeFiles/ArmCpp.elf.dir/Core/Startup.s.obj
LOAD CMakeFiles/ArmCpp.elf.dir/Core/Sys.c.obj
LOAD CMakeFiles/ArmCpp.elf.dir/Dev/Cfg.cpp.obj
LOAD CMakeFiles/ArmCpp.elf.dir/Dev/Comm.cpp.obj
LOAD CMakeFiles/ArmCpp.elf.dir/Dev/Drv8711.cpp.obj
LOAD CMakeFiles/ArmCpp.elf.dir/Dev/InOut.cpp.obj
LOAD CMakeFiles/ArmCpp.elf.dir/Dev/Motion.cpp.obj
LOAD CMakeFiles/ArmCpp.elf.dir/Dev/Motor.cpp.obj
LOAD CMakeFiles/ArmCpp.elf.dir/Dev/Ntc.cpp.obj
LOAD CMakeFiles/ArmCpp.elf.dir/Dev/Pid.cpp.obj
LOAD CMakeFiles/ArmCpp.elf.dir/DtLib/DtCmd/Command.cpp.obj
LOAD CMakeFiles/ArmCpp.elf.dir/DtLib/DtOs/DtCore.s.obj
LOAD CMakeFiles/ArmCpp.elf.dir/DtLib/DtOs/DtOs.cpp.obj
LOAD CMakeFiles/ArmCpp.elf.dir/DtLib/DtOs/DtTask.cpp.obj
LOAD CMakeFiles/ArmCpp.elf.dir/DtLib/DtUtil/DtList.cpp.obj
LOAD CMakeFiles/ArmCpp.elf.dir/DtLib/DtUtil/DtQuere.cpp.obj
LOAD CMakeFiles/ArmCpp.elf.dir/DtLib/DtUtil/DtText.cpp.obj
LOAD CMakeFiles/ArmCpp.elf.dir/DtLib/DtUtil/TextTools.cpp.obj
LOAD CMakeFiles/ArmCpp.elf.dir/DtLib/Math/DtMath.cpp.obj
LOAD CMakeFiles/ArmCpp.elf.dir/MspLib/Adc.cpp.obj
LOAD CMakeFiles/ArmCpp.elf.dir/MspLib/Cortex.cpp.obj
LOAD CMakeFiles/ArmCpp.elf.dir/MspLib/Dma.cpp.obj
LOAD CMakeFiles/ArmCpp.elf.dir/MspLib/Flash.cpp.obj
LOAD CMakeFiles/ArmCpp.elf.dir/MspLib/Gpio.cpp.obj
LOAD CMakeFiles/ArmCpp.elf.dir/MspLib/Nvic.cpp.obj
LOAD CMakeFiles/ArmCpp.elf.dir/MspLib/Power.cpp.obj
LOAD CMakeFiles/ArmCpp.elf.dir/MspLib/Rcc.cpp.obj
LOAD CMakeFiles/ArmCpp.elf.dir/MspLib/Scb.cpp.obj
LOAD CMakeFiles/ArmCpp.elf.dir/MspLib/Sdio.cpp.obj
LOAD CMakeFiles/ArmCpp.elf.dir/MspLib/Tick.cpp.obj
LOAD CMakeFiles/ArmCpp.elf.dir/MspLib/Tim.cpp.obj
LOAD CMakeFiles/ArmCpp.elf.dir/MspLib/Usart.cpp.obj
LOAD /home/Soft/gcc-arm-none-eabi/bin/../lib/gcc/arm-none-eabi/8.2.1/../../../../arm-none-eabi/lib/thumb/v7e-m/nofp/libstdc++_nano.a
LOAD /home/Soft/gcc-arm-none-eabi/bin/../lib/gcc/arm-none-eabi/8.2.1/../../../../arm-none-eabi/lib/thumb/v7e-m/nofp/libm.a
START GROUP
LOAD /home/Soft/gcc-arm-none-eabi/bin/../lib/gcc/arm-none-eabi/8.2.1/thumb/v7e-m/nofp/libgcc.a
LOAD /home/Soft/gcc-arm-none-eabi/bin/../lib/gcc/arm-none-eabi/8.2.1/../../../../arm-none-eabi/lib/thumb/v7e-m/nofp/libg_nano.a
LOAD /home/Soft/gcc-arm-none-eabi/bin/../lib/gcc/arm-none-eabi/8.2.1/../../../../arm-none-eabi/lib/thumb/v7e-m/nofp/libc_nano.a
END GROUP
START GROUP
LOAD /home/Soft/gcc-arm-none-eabi/bin/../lib/gcc/arm-none-eabi/8.2.1/thumb/v7e-m/nofp/libgcc.a
LOAD /home/Soft/gcc-arm-none-eabi/bin/../lib/gcc/arm-none-eabi/8.2.1/../../../../arm-none-eabi/lib/thumb/v7e-m/nofp/libc_nano.a
LOAD /home/Soft/gcc-arm-none-eabi/bin/../lib/gcc/arm-none-eabi/8.2.1/../../../../arm-none-eabi/lib/thumb/v7e-m/nofp/libnosys.a
END GROUP
START GROUP
LOAD /home/Soft/gcc-arm-none-eabi/bin/../lib/gcc/arm-none-eabi/8.2.1/thumb/v7e-m/nofp/libgcc.a
LOAD /home/Soft/gcc-arm-none-eabi/bin/../lib/gcc/arm-none-eabi/8.2.1/../../../../arm-none-eabi/lib/thumb/v7e-m/nofp/libc_nano.a
LOAD /home/Soft/gcc-arm-none-eabi/bin/../lib/gcc/arm-none-eabi/8.2.1/../../../../arm-none-eabi/lib/thumb/v7e-m/nofp/libnosys.a
END GROUP
LOAD /home/Soft/gcc-arm-none-eabi/bin/../lib/gcc/arm-none-eabi/8.2.1/thumb/v7e-m/nofp/crtend.o
LOAD /home/Soft/gcc-arm-none-eabi/bin/../lib/gcc/arm-none-eabi/8.2.1/thumb/v7e-m/nofp/crtn.o
                0x0000000000000800                _Min_Heap_Size = 0x800
                0x0000000000000400                _Min_Stack_Size = 0x400

.isr_vector     0x0000000008000000      0x188
                0x0000000008000000                . = ALIGN (0x4)
 *(.isr_vector)
 .isr_vector    0x0000000008000000      0x188 CMakeFiles/ArmCpp.elf.dir/Core/Startup.s.obj
                0x0000000008000000                g_pfnVectors
                0x0000000008000188                . = ALIGN (0x4)

.text           0x0000000008000188     0x7040
                0x0000000008000188                . = ALIGN (0x4)
 *(.text)
 .text          0x0000000008000188       0x40 /home/Soft/gcc-arm-none-eabi/bin/../lib/gcc/arm-none-eabi/8.2.1/thumb/v7e-m/nofp/crtbegin.o
 .text          0x00000000080001c8       0x34 CMakeFiles/ArmCpp.elf.dir/DtLib/DtOs/DtCore.s.obj
                0x00000000080001c8                PendSV_Handler
 .text          0x00000000080001fc      0x378 /home/Soft/gcc-arm-none-eabi/bin/../lib/gcc/arm-none-eabi/8.2.1/thumb/v7e-m/nofp/libgcc.a(_arm_addsubdf3.o)
                0x00000000080001fc                __aeabi_drsub
                0x0000000008000204                __aeabi_dsub
                0x0000000008000204                __subdf3
                0x0000000008000208                __adddf3
                0x0000000008000208                __aeabi_dadd
                0x0000000008000480                __aeabi_ui2d
                0x0000000008000480                __floatunsidf
                0x00000000080004a0                __floatsidf
                0x00000000080004a0                __aeabi_i2d
                0x00000000080004c4                __extendsfdf2
                0x00000000080004c4                __aeabi_f2d
                0x0000000008000508                __aeabi_ul2d
                0x0000000008000508                __floatundidf
                0x0000000008000518                __floatdidf
                0x0000000008000518                __aeabi_l2d
 .text          0x0000000008000574      0x424 /home/Soft/gcc-arm-none-eabi/bin/../lib/gcc/arm-none-eabi/8.2.1/thumb/v7e-m/nofp/libgcc.a(_arm_muldivdf3.o)
                0x0000000008000574                __aeabi_dmul
                0x0000000008000574                __muldf3
                0x00000000080007c8                __aeabi_ddiv
                0x00000000080007c8                __divdf3
 .text          0x0000000008000998      0x110 /home/Soft/gcc-arm-none-eabi/bin/../lib/gcc/arm-none-eabi/8.2.1/thumb/v7e-m/nofp/libgcc.a(_arm_cmpdf2.o)
                0x0000000008000998                __gtdf2
                0x0000000008000998                __gedf2
                0x00000000080009a0                __ltdf2
                0x00000000080009a0                __ledf2
                0x00000000080009a8                __cmpdf2
                0x00000000080009a8                __eqdf2
                0x00000000080009a8                __nedf2
                0x0000000008000a24                __aeabi_cdrcmple
                0x0000000008000a34                __aeabi_cdcmple
                0x0000000008000a34                __aeabi_cdcmpeq
                0x0000000008000a44                __aeabi_dcmpeq
                0x0000000008000a58                __aeabi_dcmplt
                0x0000000008000a6c                __aeabi_dcmple
                0x0000000008000a80                __aeabi_dcmpge
                0x0000000008000a94                __aeabi_dcmpgt
 .text          0x0000000008000aa8       0x50 /home/Soft/gcc-arm-none-eabi/bin/../lib/gcc/arm-none-eabi/8.2.1/thumb/v7e-m/nofp/libgcc.a(_arm_fixdfsi.o)
                0x0000000008000aa8                __fixdfsi
                0x0000000008000aa8                __aeabi_d2iz
 .text          0x0000000008000af8       0x40 /home/Soft/gcc-arm-none-eabi/bin/../lib/gcc/arm-none-eabi/8.2.1/thumb/v7e-m/nofp/libgcc.a(_arm_fixunsdfsi.o)
                0x0000000008000af8                __fixunsdfsi
                0x0000000008000af8                __aeabi_d2uiz
 .text          0x0000000008000b38       0xa0 /home/Soft/gcc-arm-none-eabi/bin/../lib/gcc/arm-none-eabi/8.2.1/thumb/v7e-m/nofp/libgcc.a(_arm_truncdfsf2.o)
                0x0000000008000b38                __aeabi_d2f
                0x0000000008000b38                __truncdfsf2
 .text          0x0000000008000bd8      0x21c /home/Soft/gcc-arm-none-eabi/bin/../lib/gcc/arm-none-eabi/8.2.1/thumb/v7e-m/nofp/libgcc.a(_arm_addsubsf3.o)
                0x0000000008000bd8                __aeabi_frsub
                0x0000000008000be0                __subsf3
                0x0000000008000be0                __aeabi_fsub
                0x0000000008000be4                __aeabi_fadd
                0x0000000008000be4                __addsf3
                0x0000000008000d44                __aeabi_ui2f
                0x0000000008000d44                __floatunsisf
                0x0000000008000d4c                __aeabi_i2f
                0x0000000008000d4c                __floatsisf
                0x0000000008000d68                __floatundisf
                0x0000000008000d68                __aeabi_ul2f
                0x0000000008000d78                __floatdisf
                0x0000000008000d78                __aeabi_l2f
 .text          0x0000000008000df4      0x2a0 /home/Soft/gcc-arm-none-eabi/bin/../lib/gcc/arm-none-eabi/8.2.1/thumb/v7e-m/nofp/libgcc.a(_arm_muldivsf3.o)
                0x0000000008000df4                __mulsf3
                0x0000000008000df4                __aeabi_fmul
                0x0000000008000f5c                __divsf3
                0x0000000008000f5c                __aeabi_fdiv
 .text          0x0000000008001094       0xec /home/Soft/gcc-arm-none-eabi/bin/../lib/gcc/arm-none-eabi/8.2.1/thumb/v7e-m/nofp/libgcc.a(_arm_cmpsf2.o)
                0x0000000008001094                __gtsf2
                0x0000000008001094                __gesf2
                0x000000000800109c                __lesf2
                0x000000000800109c                __ltsf2
                0x00000000080010a4                __nesf2
                0x00000000080010a4                __eqsf2
                0x00000000080010a4                __cmpsf2
                0x0000000008001104                __aeabi_cfrcmple
                0x000000000800110c                __aeabi_cfcmple
                0x000000000800110c                __aeabi_cfcmpeq
                0x000000000800111c                __aeabi_fcmpeq
                0x0000000008001130                __aeabi_fcmplt
                0x0000000008001144                __aeabi_fcmple
                0x0000000008001158                __aeabi_fcmpge
                0x000000000800116c                __aeabi_fcmpgt
 .text          0x0000000008001180       0x4c /home/Soft/gcc-arm-none-eabi/bin/../lib/gcc/arm-none-eabi/8.2.1/thumb/v7e-m/nofp/libgcc.a(_arm_fixsfsi.o)
                0x0000000008001180                __fixsfsi
                0x0000000008001180                __aeabi_f2iz
 .text          0x00000000080011cc       0x40 /home/Soft/gcc-arm-none-eabi/bin/../lib/gcc/arm-none-eabi/8.2.1/thumb/v7e-m/nofp/libgcc.a(_arm_fixunssfsi.o)
                0x00000000080011cc                __aeabi_f2uiz
                0x00000000080011cc                __fixunssfsi
 .text          0x000000000800120c       0x14 /home/Soft/gcc-arm-none-eabi/bin/../lib/gcc/arm-none-eabi/8.2.1/../../../../arm-none-eabi/lib/thumb/v7e-m/nofp/libg_nano.a(lib_a-strcmp.o)
                0x000000000800120c                strcmp
 *(.text*)
 .text._ZN7CmdManaC2Ev
                0x0000000008001220       0x2c CMakeFiles/ArmCpp.elf.dir/App/CmdMana.cpp.obj
                0x0000000008001220                CmdMana::CmdMana()
                0x0000000008001220                CmdMana::CmdMana()
 .text._ZN7CmdMana5OfferEv
                0x000000000800124c       0x5c CMakeFiles/ArmCpp.elf.dir/App/CmdMana.cpp.obj
                0x000000000800124c                CmdMana::Offer()
 .text._ZN7CmdMana4TakeEv
                0x00000000080012a8       0x34 CMakeFiles/ArmCpp.elf.dir/App/CmdMana.cpp.obj
                0x00000000080012a8                CmdMana::Take()
 .text._ZN7CmdMana5CheckEPh
                0x00000000080012dc       0x40 CMakeFiles/ArmCpp.elf.dir/App/CmdMana.cpp.obj
                0x00000000080012dc                CmdMana::Check(unsigned char*)
 .text._ZN7CommandC2Ev
                0x000000000800131c       0x20 CMakeFiles/ArmCpp.elf.dir/App/CmdMana.cpp.obj
                0x000000000800131c                Command::Command()
                0x000000000800131c                Command::Command()
 .text._ZN3G21C2Ev
                0x000000000800133c       0x24 CMakeFiles/ArmCpp.elf.dir/App/CmdMana.cpp.obj
                0x000000000800133c                G21::G21()
                0x000000000800133c                G21::G21()
 .text._ZL5GCasePh
                0x0000000008001360      0x174 CMakeFiles/ArmCpp.elf.dir/App/CmdMana.cpp.obj
 .text._ZN3M80C2Ev
                0x00000000080014d4       0x24 CMakeFiles/ArmCpp.elf.dir/App/CmdMana.cpp.obj
                0x00000000080014d4                M80::M80()
                0x00000000080014d4                M80::M80()
 .text._ZN3M81C2Ev
                0x00000000080014f8       0x24 CMakeFiles/ArmCpp.elf.dir/App/CmdMana.cpp.obj
                0x00000000080014f8                M81::M81()
                0x00000000080014f8                M81::M81()
 .text._ZN4M105C2Ev
                0x000000000800151c       0x24 CMakeFiles/ArmCpp.elf.dir/App/CmdMana.cpp.obj
                0x000000000800151c                M105::M105()
                0x000000000800151c                M105::M105()
 .text._ZN4M110C2Ev
                0x0000000008001540       0x24 CMakeFiles/ArmCpp.elf.dir/App/CmdMana.cpp.obj
                0x0000000008001540                M110::M110()
                0x0000000008001540                M110::M110()
 .text._ZN4M111C2Ev
                0x0000000008001564       0x24 CMakeFiles/ArmCpp.elf.dir/App/CmdMana.cpp.obj
                0x0000000008001564                M111::M111()
                0x0000000008001564                M111::M111()
 .text._ZN4M114C2Ev
                0x0000000008001588       0x24 CMakeFiles/ArmCpp.elf.dir/App/CmdMana.cpp.obj
                0x0000000008001588                M114::M114()
                0x0000000008001588                M114::M114()
 .text._ZN4M115C2Ev
                0x00000000080015ac       0x24 CMakeFiles/ArmCpp.elf.dir/App/CmdMana.cpp.obj
                0x00000000080015ac                M115::M115()
                0x00000000080015ac                M115::M115()
 .text._ZN4M221C2Ev
                0x00000000080015d0       0x24 CMakeFiles/ArmCpp.elf.dir/App/CmdMana.cpp.obj
                0x00000000080015d0                M221::M221()
                0x00000000080015d0                M221::M221()
 .text._ZL5MCasePh
                0x00000000080015f4      0x474 CMakeFiles/ArmCpp.elf.dir/App/CmdMana.cpp.obj
 .text._ZL5TCasePh
                0x0000000008001a68       0x64 CMakeFiles/ArmCpp.elf.dir/App/CmdMana.cpp.obj
 .text._ZL5XCasePh
                0x0000000008001acc       0x90 CMakeFiles/ArmCpp.elf.dir/App/CmdMana.cpp.obj
 .text._ZL8CodeCasePh
                0x0000000008001b5c       0x9c CMakeFiles/ArmCpp.elf.dir/App/CmdMana.cpp.obj
 .text._Z9CmdHandlePh
                0x0000000008001bf8       0x48 CMakeFiles/ArmCpp.elf.dir/App/CmdMana.cpp.obj
                0x0000000008001bf8                CmdHandle(unsigned char*)
 .text._Z7CmdTaskv
                0x0000000008001c40       0x38 CMakeFiles/ArmCpp.elf.dir/App/CmdMana.cpp.obj
                0x0000000008001c40                CmdTask()
 .text._Z8MainTaskv
                0x0000000008001c78       0x60 CMakeFiles/ArmCpp.elf.dir/App/CmdMana.cpp.obj
                0x0000000008001c78                MainTask()
 .text._Z41__static_initialization_and_destruction_0ii
                0x0000000008001cd8       0x2c CMakeFiles/ArmCpp.elf.dir/App/CmdMana.cpp.obj
 .text._GLOBAL__sub_I_Cm
                0x0000000008001d04       0x10 CMakeFiles/ArmCpp.elf.dir/App/CmdMana.cpp.obj
 .text.Main     0x0000000008001d14        0x6 CMakeFiles/ArmCpp.elf.dir/App/Main.cpp.obj
                0x0000000008001d14                Main
 .text._Z8ExitTaskv
                0x0000000008001d1a        0x6 CMakeFiles/ArmCpp.elf.dir/App/Main.cpp.obj
                0x0000000008001d1a                ExitTask()
 .text._ZN2G0C2Ev
                0x0000000008001d20       0x94 CMakeFiles/ArmCpp.elf.dir/Cmd/G0.cpp.obj
                0x0000000008001d20                G0::G0()
                0x0000000008001d20                G0::G0()
 .text._ZN2G03EntEPh
                0x0000000008001db4       0x28 CMakeFiles/ArmCpp.elf.dir/Cmd/G0.cpp.obj
                0x0000000008001db4                G0::Ent(unsigned char*)
 *fill*         0x0000000008001ddc        0x4 
 .text._ZN2G03ExeEv
                0x0000000008001de0      0x1c4 CMakeFiles/ArmCpp.elf.dir/Cmd/G0.cpp.obj
                0x0000000008001de0                G0::Exe()
 .text._ZN3G213EntEPh
                0x0000000008001fa4       0x1c CMakeFiles/ArmCpp.elf.dir/Cmd/G21.cpp.obj
                0x0000000008001fa4                G21::Ent(unsigned char*)
 .text._ZN3G28C2Ev
                0x0000000008001fc0       0x24 CMakeFiles/ArmCpp.elf.dir/Cmd/G28.cpp.obj
                0x0000000008001fc0                G28::G28()
                0x0000000008001fc0                G28::G28()
 .text._ZN3G283EntEPh
                0x0000000008001fe4       0x14 CMakeFiles/ArmCpp.elf.dir/Cmd/G28.cpp.obj
                0x0000000008001fe4                G28::Ent(unsigned char*)
 .text._ZN3G283ExeEv
                0x0000000008001ff8       0x1c CMakeFiles/ArmCpp.elf.dir/Cmd/G28.cpp.obj
                0x0000000008001ff8                G28::Exe()
 .text._ZN3G90C2Ev
                0x0000000008002014       0x24 CMakeFiles/ArmCpp.elf.dir/Cmd/G90.cpp.obj
                0x0000000008002014                G90::G90()
                0x0000000008002014                G90::G90()
 .text._ZN3G903EntEPh
                0x0000000008002038       0x1c CMakeFiles/ArmCpp.elf.dir/Cmd/G90.cpp.obj
                0x0000000008002038                G90::Ent(unsigned char*)
 .text._ZN3G903ExeEv
                0x0000000008002054       0x20 CMakeFiles/ArmCpp.elf.dir/Cmd/G90.cpp.obj
                0x0000000008002054                G90::Exe()
 .text._ZN3G91C2Ev
                0x0000000008002074       0x24 CMakeFiles/ArmCpp.elf.dir/Cmd/G91.cpp.obj
                0x0000000008002074                G91::G91()
                0x0000000008002074                G91::G91()
 .text._ZN3G913EntEPh
                0x0000000008002098       0x1c CMakeFiles/ArmCpp.elf.dir/Cmd/G91.cpp.obj
                0x0000000008002098                G91::Ent(unsigned char*)
 .text._ZN3G913ExeEv
                0x00000000080020b4       0x20 CMakeFiles/ArmCpp.elf.dir/Cmd/G91.cpp.obj
                0x00000000080020b4                G91::Exe()
 .text._ZN3G92C2Ev
                0x00000000080020d4       0x78 CMakeFiles/ArmCpp.elf.dir/Cmd/G92.cpp.obj
                0x00000000080020d4                G92::G92()
                0x00000000080020d4                G92::G92()
 .text._ZN3G923EntEPh
                0x000000000800214c       0x28 CMakeFiles/ArmCpp.elf.dir/Cmd/G92.cpp.obj
                0x000000000800214c                G92::Ent(unsigned char*)
 .text._ZN3G923ExeEv
                0x0000000008002174       0xb8 CMakeFiles/ArmCpp.elf.dir/Cmd/G92.cpp.obj
                0x0000000008002174                G92::Exe()
 .text._ZN4M104C2Ev
                0x000000000800222c       0x54 CMakeFiles/ArmCpp.elf.dir/Cmd/M104.cpp.obj
                0x000000000800222c                M104::M104()
                0x000000000800222c                M104::M104()
 .text._ZN4M1043EntEPh
                0x0000000008002280       0x28 CMakeFiles/ArmCpp.elf.dir/Cmd/M104.cpp.obj
                0x0000000008002280                M104::Ent(unsigned char*)
 .text._ZN4M1043ExeEv
                0x00000000080022a8       0x28 CMakeFiles/ArmCpp.elf.dir/Cmd/M104.cpp.obj
                0x00000000080022a8                M104::Exe()
 .text._ZN4M1053EntEPh
                0x00000000080022d0       0x88 CMakeFiles/ArmCpp.elf.dir/Cmd/M105.cpp.obj
                0x00000000080022d0                M105::Ent(unsigned char*)
 .text._ZN4M1053ExeEv
                0x0000000008002358       0x12 CMakeFiles/ArmCpp.elf.dir/Cmd/M105.cpp.obj
                0x0000000008002358                M105::Exe()
 *fill*         0x000000000800236a        0x2 
 .text._ZN4M106C2Ev
                0x000000000800236c       0x24 CMakeFiles/ArmCpp.elf.dir/Cmd/M106.cpp.obj
                0x000000000800236c                M106::M106()
                0x000000000800236c                M106::M106()
 .text._ZN4M1063EntEPh
                0x0000000008002390       0x1c CMakeFiles/ArmCpp.elf.dir/Cmd/M106.cpp.obj
                0x0000000008002390                M106::Ent(unsigned char*)
 .text._ZN4M1063ExeEv
                0x00000000080023ac       0x12 CMakeFiles/ArmCpp.elf.dir/Cmd/M106.cpp.obj
                0x00000000080023ac                M106::Exe()
 *fill*         0x00000000080023be        0x2 
 .text._ZN4M107C2Ev
                0x00000000080023c0       0x24 CMakeFiles/ArmCpp.elf.dir/Cmd/M107.cpp.obj
                0x00000000080023c0                M107::M107()
                0x00000000080023c0                M107::M107()
 .text._ZN4M1073EntEPh
                0x00000000080023e4       0x1c CMakeFiles/ArmCpp.elf.dir/Cmd/M107.cpp.obj
                0x00000000080023e4                M107::Ent(unsigned char*)
 .text._ZN4M1073ExeEv
                0x0000000008002400       0x18 CMakeFiles/ArmCpp.elf.dir/Cmd/M107.cpp.obj
                0x0000000008002400                M107::Exe()
 .text._ZN4M109C2Ev
                0x0000000008002418       0x54 CMakeFiles/ArmCpp.elf.dir/Cmd/M109.cpp.obj
                0x0000000008002418                M109::M109()
                0x0000000008002418                M109::M109()
 .text._ZN4M1093EntEPh
                0x000000000800246c       0x1c CMakeFiles/ArmCpp.elf.dir/Cmd/M109.cpp.obj
                0x000000000800246c                M109::Ent(unsigned char*)
 .text._ZN4M1093ExeEv
                0x0000000008002488       0xb8 CMakeFiles/ArmCpp.elf.dir/Cmd/M109.cpp.obj
                0x0000000008002488                M109::Exe()
 .text._ZN4M1103EntEPh
                0x0000000008002540       0x1c CMakeFiles/ArmCpp.elf.dir/Cmd/M110.cpp.obj
                0x0000000008002540                M110::Ent(unsigned char*)
 .text._ZN4M1113EntEPh
                0x000000000800255c       0x1c CMakeFiles/ArmCpp.elf.dir/Cmd/M111.cpp.obj
                0x000000000800255c                M111::Ent(unsigned char*)
 .text._ZN4M1143EntEPh
                0x0000000008002578       0xbc CMakeFiles/ArmCpp.elf.dir/Cmd/M114.cpp.obj
                0x0000000008002578                M114::Ent(unsigned char*)
 .text._ZN4M1153EntEPh
                0x0000000008002634       0x1c CMakeFiles/ArmCpp.elf.dir/Cmd/M115.cpp.obj
                0x0000000008002634                M115::Ent(unsigned char*)
 .text._ZN4M140C2Ev
                0x0000000008002650       0x40 CMakeFiles/ArmCpp.elf.dir/Cmd/M140.cpp.obj
                0x0000000008002650                M140::M140()
                0x0000000008002650                M140::M140()
 .text._ZN4M1403EntEPh
                0x0000000008002690       0x28 CMakeFiles/ArmCpp.elf.dir/Cmd/M140.cpp.obj
                0x0000000008002690                M140::Ent(unsigned char*)
 .text._ZN4M1403ExeEv
                0x00000000080026b8       0x28 CMakeFiles/ArmCpp.elf.dir/Cmd/M140.cpp.obj
                0x00000000080026b8                M140::Exe()
 .text._ZN4M190C2Ev
                0x00000000080026e0       0x40 CMakeFiles/ArmCpp.elf.dir/Cmd/M190.cpp.obj
                0x00000000080026e0                M190::M190()
                0x00000000080026e0                M190::M190()
 .text._ZN4M1903EntEPh
                0x0000000008002720       0x1c CMakeFiles/ArmCpp.elf.dir/Cmd/M190.cpp.obj
                0x0000000008002720                M190::Ent(unsigned char*)
 .text._ZN4M1903ExeEv
                0x000000000800273c       0xb8 CMakeFiles/ArmCpp.elf.dir/Cmd/M190.cpp.obj
                0x000000000800273c                M190::Exe()
 *fill*         0x00000000080027f4        0x4 
 .text._ZN4M201C2Ev
                0x00000000080027f8       0x7c CMakeFiles/ArmCpp.elf.dir/Cmd/M201.cpp.obj
                0x00000000080027f8                M201::M201()
                0x00000000080027f8                M201::M201()
 .text._ZN4M2013EntEPh
                0x0000000008002874       0x28 CMakeFiles/ArmCpp.elf.dir/Cmd/M201.cpp.obj
                0x0000000008002874                M201::Ent(unsigned char*)
 *fill*         0x000000000800289c        0x4 
 .text._ZN4M2013ExeEv
                0x00000000080028a0       0xc4 CMakeFiles/ArmCpp.elf.dir/Cmd/M201.cpp.obj
                0x00000000080028a0                M201::Exe()
 *fill*         0x0000000008002964        0x4 
 .text._ZN4M202C2Ev
                0x0000000008002968       0x7c CMakeFiles/ArmCpp.elf.dir/Cmd/M202.cpp.obj
                0x0000000008002968                M202::M202()
                0x0000000008002968                M202::M202()
 .text._ZN4M2023EntEPh
                0x00000000080029e4       0x28 CMakeFiles/ArmCpp.elf.dir/Cmd/M202.cpp.obj
                0x00000000080029e4                M202::Ent(unsigned char*)
 *fill*         0x0000000008002a0c        0x4 
 .text._ZN4M2023ExeEv
                0x0000000008002a10      0x12c CMakeFiles/ArmCpp.elf.dir/Cmd/M202.cpp.obj
                0x0000000008002a10                M202::Exe()
 .text._ZN4M220C2Ev
                0x0000000008002b3c       0x40 CMakeFiles/ArmCpp.elf.dir/Cmd/M220.cpp.obj
                0x0000000008002b3c                M220::M220()
                0x0000000008002b3c                M220::M220()
 .text._ZN4M2203EntEPh
                0x0000000008002b7c       0x28 CMakeFiles/ArmCpp.elf.dir/Cmd/M220.cpp.obj
                0x0000000008002b7c                M220::Ent(unsigned char*)
 .text._ZN4M2203ExeEv
                0x0000000008002ba4       0x34 CMakeFiles/ArmCpp.elf.dir/Cmd/M220.cpp.obj
                0x0000000008002ba4                M220::Exe()
 .text._ZN4M2213EntEPh
                0x0000000008002bd8       0x1c CMakeFiles/ArmCpp.elf.dir/Cmd/M221.cpp.obj
                0x0000000008002bd8                M221::Ent(unsigned char*)
 .text._ZN4M270C2Ev
                0x0000000008002bf4       0x7c CMakeFiles/ArmCpp.elf.dir/Cmd/M270.cpp.obj
                0x0000000008002bf4                M270::M270()
                0x0000000008002bf4                M270::M270()
 .text._ZN4M2703EntEPh
                0x0000000008002c70       0x28 CMakeFiles/ArmCpp.elf.dir/Cmd/M270.cpp.obj
                0x0000000008002c70                M270::Ent(unsigned char*)
 .text._ZN4M2703ExeEv
                0x0000000008002c98       0xe4 CMakeFiles/ArmCpp.elf.dir/Cmd/M270.cpp.obj
                0x0000000008002c98                M270::Exe()
 *fill*         0x0000000008002d7c        0x4 
 .text._ZN4M400C2Ev
                0x0000000008002d80       0x60 CMakeFiles/ArmCpp.elf.dir/Cmd/M400.cpp.obj
                0x0000000008002d80                M400::M400()
                0x0000000008002d80                M400::M400()
 .text._ZN4M4003EntEPh
                0x0000000008002de0       0x28 CMakeFiles/ArmCpp.elf.dir/Cmd/M400.cpp.obj
                0x0000000008002de0                M400::Ent(unsigned char*)
 .text._ZN4M4003ExeEv
                0x0000000008002e08       0xa0 CMakeFiles/ArmCpp.elf.dir/Cmd/M400.cpp.obj
                0x0000000008002e08                M400::Exe()
 .text._ZN3M803EntEPh
                0x0000000008002ea8       0x1c CMakeFiles/ArmCpp.elf.dir/Cmd/M80.cpp.obj
                0x0000000008002ea8                M80::Ent(unsigned char*)
 .text._ZN3M803ExeEv
                0x0000000008002ec4       0x38 CMakeFiles/ArmCpp.elf.dir/Cmd/M80.cpp.obj
                0x0000000008002ec4                M80::Exe()
 .text._ZN3M813EntEPh
                0x0000000008002efc       0x1c CMakeFiles/ArmCpp.elf.dir/Cmd/M81.cpp.obj
                0x0000000008002efc                M81::Ent(unsigned char*)
 .text._ZN3M813ExeEv
                0x0000000008002f18       0x38 CMakeFiles/ArmCpp.elf.dir/Cmd/M81.cpp.obj
                0x0000000008002f18                M81::Exe()
 .text._ZN3M82C2Ev
                0x0000000008002f50       0x24 CMakeFiles/ArmCpp.elf.dir/Cmd/M82.cpp.obj
                0x0000000008002f50                M82::M82()
                0x0000000008002f50                M82::M82()
 .text._ZN3M823EntEPh
                0x0000000008002f74       0x1c CMakeFiles/ArmCpp.elf.dir/Cmd/M82.cpp.obj
                0x0000000008002f74                M82::Ent(unsigned char*)
 .text._ZN3M823ExeEv
                0x0000000008002f90       0x12 CMakeFiles/ArmCpp.elf.dir/Cmd/M82.cpp.obj
                0x0000000008002f90                M82::Exe()
 *fill*         0x0000000008002fa2        0x2 
 .text._ZN2T0C2Ev
                0x0000000008002fa4       0x24 CMakeFiles/ArmCpp.elf.dir/Cmd/T0.cpp.obj
                0x0000000008002fa4                T0::T0()
                0x0000000008002fa4                T0::T0()
 .text._ZN2T03EntEPh
                0x0000000008002fc8       0x1c CMakeFiles/ArmCpp.elf.dir/Cmd/T0.cpp.obj
                0x0000000008002fc8                T0::Ent(unsigned char*)
 .text._ZN2T03ExeEv
                0x0000000008002fe4       0x12 CMakeFiles/ArmCpp.elf.dir/Cmd/T0.cpp.obj
                0x0000000008002fe4                T0::Exe()
 *fill*         0x0000000008002ff6        0x2 
 .text._ZN2X0C2Ev
                0x0000000008002ff8       0x6c CMakeFiles/ArmCpp.elf.dir/Cmd/X0.cpp.obj
                0x0000000008002ff8                X0::X0()
                0x0000000008002ff8                X0::X0()
 .text._ZN2X03EntEPh
                0x0000000008003064       0x28 CMakeFiles/ArmCpp.elf.dir/Cmd/X0.cpp.obj
                0x0000000008003064                X0::Ent(unsigned char*)
 *fill*         0x000000000800308c        0x4 
 .text._ZN2X03ExeEv
                0x0000000008003090       0x7c CMakeFiles/ArmCpp.elf.dir/Cmd/X0.cpp.obj
                0x0000000008003090                X0::Exe()
 .text._ZN3X10C2Ev
                0x000000000800310c       0x58 CMakeFiles/ArmCpp.elf.dir/Cmd/X10.cpp.obj
                0x000000000800310c                X10::X10()
                0x000000000800310c                X10::X10()
 .text._ZN3X103EntEPh
                0x0000000008003164       0x28 CMakeFiles/ArmCpp.elf.dir/Cmd/X10.cpp.obj
                0x0000000008003164                X10::Ent(unsigned char*)
 .text._ZN3X103ExeEv
                0x000000000800318c       0x3c CMakeFiles/ArmCpp.elf.dir/Cmd/X10.cpp.obj
                0x000000000800318c                X10::Exe()
 .text.Core     0x00000000080031c8       0x1c CMakeFiles/ArmCpp.elf.dir/Core/Core.cpp.obj
                0x00000000080031c8                Core
 .text._ZL7RccInitv
                0x00000000080031e4       0x64 CMakeFiles/ArmCpp.elf.dir/Core/Core.cpp.obj
 .text._ZL8NvicInitv
                0x0000000008003248       0x58 CMakeFiles/ArmCpp.elf.dir/Core/Core.cpp.obj
 .text._ZL9PerEnablev
                0x00000000080032a0       0x90 CMakeFiles/ArmCpp.elf.dir/Core/Core.cpp.obj
 .text._ZL8GpioInitv
                0x0000000008003330      0x138 CMakeFiles/ArmCpp.elf.dir/Core/Core.cpp.obj
 .text._ZL7PerInitv
                0x0000000008003468        0xc CMakeFiles/ArmCpp.elf.dir/Core/Core.cpp.obj
 .text._ZN4DtOsC2Ev
                0x0000000008003474       0x20 CMakeFiles/ArmCpp.elf.dir/Core/CoreOs.cpp.obj
                0x0000000008003474                DtOs::DtOs()
                0x0000000008003474                DtOs::DtOs()
 .text._ZN6CoreOsC2Ev
                0x0000000008003494       0x24 CMakeFiles/ArmCpp.elf.dir/Core/CoreOs.cpp.obj
                0x0000000008003494                CoreOs::CoreOs()
                0x0000000008003494                CoreOs::CoreOs()
 .text.TIM7_IRQHandler
                0x00000000080034b8       0x24 CMakeFiles/ArmCpp.elf.dir/Core/CoreOs.cpp.obj
                0x00000000080034b8                TIM7_IRQHandler
 .text._ZN6CoreOs3RunEv
                0x00000000080034dc       0x5c CMakeFiles/ArmCpp.elf.dir/Core/CoreOs.cpp.obj
                0x00000000080034dc                CoreOs::Run()
 .text._ZN6CoreOs6mSleepEj
                0x0000000008003538       0x38 CMakeFiles/ArmCpp.elf.dir/Core/CoreOs.cpp.obj
                0x0000000008003538                CoreOs::mSleep(unsigned int)
 .text._ZN6CoreOs5uWaitEj
                0x0000000008003570       0x28 CMakeFiles/ArmCpp.elf.dir/Core/CoreOs.cpp.obj
                0x0000000008003570                CoreOs::uWait(unsigned int)
 .text._ZN6CoreOs6uSleepEj
                0x0000000008003598       0x38 CMakeFiles/ArmCpp.elf.dir/Core/CoreOs.cpp.obj
                0x0000000008003598                CoreOs::uSleep(unsigned int)
 .text._Z41__static_initialization_and_destruction_0ii
                0x00000000080035d0       0x2c CMakeFiles/ArmCpp.elf.dir/Core/CoreOs.cpp.obj
 .text._GLOBAL__sub_I_Os
                0x00000000080035fc       0x10 CMakeFiles/ArmCpp.elf.dir/Core/CoreOs.cpp.obj
 .text.Init     0x000000000800360c       0x14 CMakeFiles/ArmCpp.elf.dir/Core/Init.cpp.obj
                0x000000000800360c                Init
 .text._ZL7DevInitv
                0x0000000008003620       0x28 CMakeFiles/ArmCpp.elf.dir/Core/Init.cpp.obj
 .text._ZL8DataInitv
                0x0000000008003648       0x14 CMakeFiles/ArmCpp.elf.dir/Core/Init.cpp.obj
 .text._ZL8TaskInitv
                0x000000000800365c       0x1c CMakeFiles/ArmCpp.elf.dir/Core/Init.cpp.obj
 .text.Reset_Handler
                0x0000000008003678       0x54 CMakeFiles/ArmCpp.elf.dir/Core/Startup.s.obj
                0x0000000008003678                Reset_Handler
 .text.Default_Handler
                0x00000000080036cc        0x2 CMakeFiles/ArmCpp.elf.dir/Core/Startup.s.obj
                0x00000000080036cc                RTC_Alarm_IRQHandler
                0x00000000080036cc                HASH_RNG_IRQHandler
                0x00000000080036cc                EXTI2_IRQHandler
                0x00000000080036cc                TIM8_CC_IRQHandler
                0x00000000080036cc                DebugMon_Handler
                0x00000000080036cc                TIM1_CC_IRQHandler
                0x00000000080036cc                DMA2_Stream5_IRQHandler
                0x00000000080036cc                HardFault_Handler
                0x00000000080036cc                DMA1_Stream5_IRQHandler
                0x00000000080036cc                SysTick_Handler
                0x00000000080036cc                PVD_IRQHandler
                0x00000000080036cc                SDIO_IRQHandler
                0x00000000080036cc                TAMP_STAMP_IRQHandler
                0x00000000080036cc                NMI_Handler
                0x00000000080036cc                CAN2_RX1_IRQHandler
                0x00000000080036cc                EXTI3_IRQHandler
                0x00000000080036cc                TIM8_TRG_COM_TIM14_IRQHandler
                0x00000000080036cc                TIM1_UP_TIM10_IRQHandler
                0x00000000080036cc                TIM8_UP_TIM13_IRQHandler
                0x00000000080036cc                I2C3_ER_IRQHandler
                0x00000000080036cc                EXTI0_IRQHandler
                0x00000000080036cc                I2C2_EV_IRQHandler
                0x00000000080036cc                DMA1_Stream2_IRQHandler
                0x00000000080036cc                CAN1_RX0_IRQHandler
                0x00000000080036cc                FPU_IRQHandler
                0x00000000080036cc                OTG_HS_WKUP_IRQHandler
                0x00000000080036cc                UsageFault_Handler
                0x00000000080036cc                CAN2_SCE_IRQHandler
                0x00000000080036cc                DMA2_Stream2_IRQHandler
                0x00000000080036cc                SPI1_IRQHandler
                0x00000000080036cc                TIM6_DAC_IRQHandler
                0x00000000080036cc                TIM1_BRK_TIM9_IRQHandler
                0x00000000080036cc                DCMI_IRQHandler
                0x00000000080036cc                CAN2_RX0_IRQHandler
                0x00000000080036cc                DMA2_Stream3_IRQHandler
                0x00000000080036cc                USART6_IRQHandler
                0x00000000080036cc                USART3_IRQHandler
                0x00000000080036cc                CAN1_RX1_IRQHandler
                0x00000000080036cc                UART5_IRQHandler
                0x00000000080036cc                DMA2_Stream0_IRQHandler
                0x00000000080036cc                TIM4_IRQHandler
                0x00000000080036cc                I2C1_EV_IRQHandler
                0x00000000080036cc                DMA1_Stream6_IRQHandler
                0x00000000080036cc                DMA1_Stream1_IRQHandler
                0x00000000080036cc                UART4_IRQHandler
                0x00000000080036cc                RCC_IRQHandler
                0x00000000080036cc                TIM8_BRK_TIM12_IRQHandler
                0x00000000080036cc                Default_Handler
                0x00000000080036cc                EXTI15_10_IRQHandler
                0x00000000080036cc                ADC_IRQHandler
                0x00000000080036cc                DMA1_Stream7_IRQHandler
                0x00000000080036cc                CAN2_TX_IRQHandler
                0x00000000080036cc                TIM5_IRQHandler
                0x00000000080036cc                DMA2_Stream7_IRQHandler
                0x00000000080036cc                I2C3_EV_IRQHandler
                0x00000000080036cc                EXTI9_5_IRQHandler
                0x00000000080036cc                RTC_WKUP_IRQHandler
                0x00000000080036cc                ETH_WKUP_IRQHandler
                0x00000000080036cc                SPI2_IRQHandler
                0x00000000080036cc                OTG_HS_EP1_IN_IRQHandler
                0x00000000080036cc                MemManage_Handler
                0x00000000080036cc                DMA1_Stream0_IRQHandler
                0x00000000080036cc                CAN1_TX_IRQHandler
                0x00000000080036cc                SVC_Handler
                0x00000000080036cc                EXTI4_IRQHandler
                0x00000000080036cc                FSMC_IRQHandler
                0x00000000080036cc                ETH_IRQHandler
                0x00000000080036cc                OTG_HS_EP1_OUT_IRQHandler
                0x00000000080036cc                WWDG_IRQHandler
                0x00000000080036cc                TIM2_IRQHandler
                0x00000000080036cc                OTG_FS_WKUP_IRQHandler
                0x00000000080036cc                TIM1_TRG_COM_TIM11_IRQHandler
                0x00000000080036cc                OTG_HS_IRQHandler
                0x00000000080036cc                EXTI1_IRQHandler
                0x00000000080036cc                I2C2_ER_IRQHandler
                0x00000000080036cc                DMA2_Stream1_IRQHandler
                0x00000000080036cc                CAN1_SCE_IRQHandler
                0x00000000080036cc                FLASH_IRQHandler
                0x00000000080036cc                DMA2_Stream4_IRQHandler
                0x00000000080036cc                BusFault_Handler
                0x00000000080036cc                USART1_IRQHandler
                0x00000000080036cc                OTG_FS_IRQHandler
                0x00000000080036cc                SPI3_IRQHandler
                0x00000000080036cc                DMA1_Stream4_IRQHandler
                0x00000000080036cc                I2C1_ER_IRQHandler
                0x00000000080036cc                DMA2_Stream6_IRQHandler
                0x00000000080036cc                DMA1_Stream3_IRQHandler
 .text._ZN3Cfg9ConstructEv
                0x00000000080036ce       0x30 CMakeFiles/ArmCpp.elf.dir/Dev/Cfg.cpp.obj
                0x00000000080036ce                Cfg::Construct()
 *fill*         0x00000000080036fe        0x2 
 .text.USART2_IRQHandler
                0x0000000008003700       0x2c CMakeFiles/ArmCpp.elf.dir/Dev/Comm.cpp.obj
                0x0000000008003700                USART2_IRQHandler
 .text._ZN4Comm9ConstructEv
                0x000000000800372c      0x10c CMakeFiles/ArmCpp.elf.dir/Dev/Comm.cpp.obj
                0x000000000800372c                Comm::Construct()
 .text._ZN4Comm2OkEv
                0x0000000008003838       0x24 CMakeFiles/ArmCpp.elf.dir/Dev/Comm.cpp.obj
                0x0000000008003838                Comm::Ok()
 .text._ZN4Comm5FlushEv
                0x000000000800385c       0x3c CMakeFiles/ArmCpp.elf.dir/Dev/Comm.cpp.obj
                0x000000000800385c                Comm::Flush()
 .text._ZN4Comm7MessageEPKc
                0x0000000008003898       0x20 CMakeFiles/ArmCpp.elf.dir/Dev/Comm.cpp.obj
                0x0000000008003898                Comm::Message(char const*)
 .text._ZN4Comm8ReadLineEv
                0x00000000080038b8       0xae CMakeFiles/ArmCpp.elf.dir/Dev/Comm.cpp.obj
                0x00000000080038b8                Comm::ReadLine()
 .text._ZN7Drv87118ConstuctEPVjS1_S1_S1_S1_S1_S1_S1_S1_S1_
                0x0000000008003966       0x54 CMakeFiles/ArmCpp.elf.dir/Dev/Drv8711.cpp.obj
                0x0000000008003966                Drv8711::Constuct(unsigned int volatile*, unsigned int volatile*, unsigned int volatile*, unsigned int volatile*, unsigned int volatile*, unsigned int volatile*, unsigned int volatile*, unsigned int volatile*, unsigned int volatile*, unsigned int volatile*)
 *fill*         0x00000000080039ba        0x2 
 .text._ZN7Drv87114ReadE11Drv8711_Reg
                0x00000000080039bc       0xc4 CMakeFiles/ArmCpp.elf.dir/Dev/Drv8711.cpp.obj
                0x00000000080039bc                Drv8711::Read(Drv8711_Reg)
 .text._ZN7Drv87115WriteE11Drv8711_Regt
                0x0000000008003a80       0x7c CMakeFiles/ArmCpp.elf.dir/Dev/Drv8711.cpp.obj
                0x0000000008003a80                Drv8711::Write(Drv8711_Reg, unsigned short)
 .text._ZN7Drv87114HomeEj
                0x0000000008003afc       0xa8 CMakeFiles/ArmCpp.elf.dir/Dev/Drv8711.cpp.obj
                0x0000000008003afc                Drv8711::Home(unsigned int)
 .text._ZN7Drv87116EnableEv
                0x0000000008003ba4       0x30 CMakeFiles/ArmCpp.elf.dir/Dev/Drv8711.cpp.obj
                0x0000000008003ba4                Drv8711::Enable()
 .text._ZN7Drv87114MoveEij
                0x0000000008003bd4       0x6c CMakeFiles/ArmCpp.elf.dir/Dev/Drv8711.cpp.obj
                0x0000000008003bd4                Drv8711::Move(int, unsigned int)
 .text._ZN7Drv87117DisableEv
                0x0000000008003c40       0x30 CMakeFiles/ArmCpp.elf.dir/Dev/Drv8711.cpp.obj
                0x0000000008003c40                Drv8711::Disable()
 .text._ZN7Drv87114CurrEf
                0x0000000008003c70       0x54 CMakeFiles/ArmCpp.elf.dir/Dev/Drv8711.cpp.obj
                0x0000000008003c70                Drv8711::Curr(float)
 .text._ZN5InOut4BeepE2bl
                0x0000000008003cc4       0x20 CMakeFiles/ArmCpp.elf.dir/Dev/InOut.cpp.obj
                0x0000000008003cc4                InOut::Beep(bl)
 .text._ZN5InOut9ConstructEv
                0x0000000008003ce4       0x24 CMakeFiles/ArmCpp.elf.dir/Dev/InOut.cpp.obj
                0x0000000008003ce4                InOut::Construct()
 .text._ZN6Motion8ConstuctEv
                0x0000000008003d08      0x4ec CMakeFiles/ArmCpp.elf.dir/Dev/Motion.cpp.obj
                0x0000000008003d08                Motion::Constuct()
 .text._ZN6Motion5SpeedEj
                0x00000000080041f4       0x3c CMakeFiles/ArmCpp.elf.dir/Dev/Motion.cpp.obj
                0x00000000080041f4                Motion::Speed(unsigned int)
 .text._ZN6Motion4LineEdddd
                0x0000000008004230      0x408 CMakeFiles/ArmCpp.elf.dir/Dev/Motion.cpp.obj
                0x0000000008004230                Motion::Line(double, double, double, double)
 .text._ZN6Motion5XLineEiiiij
                0x0000000008004638      0x168 CMakeFiles/ArmCpp.elf.dir/Dev/Motion.cpp.obj
                0x0000000008004638                Motion::XLine(int, int, int, int, unsigned int)
 .text._ZN6Motion5YLineEiiiij
                0x00000000080047a0      0x168 CMakeFiles/ArmCpp.elf.dir/Dev/Motion.cpp.obj
                0x00000000080047a0                Motion::YLine(int, int, int, int, unsigned int)
 .text._ZN6Motion5ZLineEiiiij
                0x0000000008004908      0x158 CMakeFiles/ArmCpp.elf.dir/Dev/Motion.cpp.obj
                0x0000000008004908                Motion::ZLine(int, int, int, int, unsigned int)
 .text._ZN6Motion5ELineEiiiij
                0x0000000008004a60      0x124 CMakeFiles/ArmCpp.elf.dir/Dev/Motion.cpp.obj
                0x0000000008004a60                Motion::ELine(int, int, int, int, unsigned int)
 .text._ZN6Motion4HomeEv
                0x0000000008004b84       0xa0 CMakeFiles/ArmCpp.elf.dir/Dev/Motion.cpp.obj
                0x0000000008004b84                Motion::Home()
 .text._ZN6Motion4SetXEd
                0x0000000008004c24       0x4c CMakeFiles/ArmCpp.elf.dir/Dev/Motion.cpp.obj
                0x0000000008004c24                Motion::SetX(double)
 .text._ZN6Motion4SetYEd
                0x0000000008004c70       0x4c CMakeFiles/ArmCpp.elf.dir/Dev/Motion.cpp.obj
                0x0000000008004c70                Motion::SetY(double)
 .text._ZN6Motion4SetZEd
                0x0000000008004cbc       0x4c CMakeFiles/ArmCpp.elf.dir/Dev/Motion.cpp.obj
                0x0000000008004cbc                Motion::SetZ(double)
 .text._ZN6Motion4SetEEd
                0x0000000008004d08       0x4c CMakeFiles/ArmCpp.elf.dir/Dev/Motion.cpp.obj
                0x0000000008004d08                Motion::SetE(double)
 .text._ZN6DtListIiE5CleanEv
                0x0000000008004d54       0x18 CMakeFiles/ArmCpp.elf.dir/Dev/Motion.cpp.obj
                0x0000000008004d54                DtList<int>::Clean()
 .text._ZN6DtListIiE3AddEi
                0x0000000008004d6c       0x2e CMakeFiles/ArmCpp.elf.dir/Dev/Motion.cpp.obj
                0x0000000008004d6c                DtList<int>::Add(int)
 .text._ZN6DtListIiE3MaxEv
                0x0000000008004d9a       0xde CMakeFiles/ArmCpp.elf.dir/Dev/Motion.cpp.obj
                0x0000000008004d9a                DtList<int>::Max()
 .text._ZN6DtListIiE5IndexEi
                0x0000000008004e78       0x44 CMakeFiles/ArmCpp.elf.dir/Dev/Motion.cpp.obj
                0x0000000008004e78                DtList<int>::Index(int)
 .text._ZN3Ntc5ValueEf
                0x0000000008004ebc       0xe8 CMakeFiles/ArmCpp.elf.dir/Dev/Ntc.cpp.obj
                0x0000000008004ebc                Ntc::Value(float)
 .text.TIM3_IRQHandler
                0x0000000008004fa4       0x28 CMakeFiles/ArmCpp.elf.dir/Dev/Pid.cpp.obj
                0x0000000008004fa4                TIM3_IRQHandler
 .text._ZN3Pid3RunEv
                0x0000000008004fcc      0x1dc CMakeFiles/ArmCpp.elf.dir/Dev/Pid.cpp.obj
                0x0000000008004fcc                Pid::Run()
 .text._ZN3Pid5CalcuEv
                0x00000000080051a8      0x1ac CMakeFiles/ArmCpp.elf.dir/Dev/Pid.cpp.obj
                0x00000000080051a8                Pid::Calcu()
 .text._ZN3Pid3BedEv
                0x0000000008005354       0xfc CMakeFiles/ArmCpp.elf.dir/Dev/Pid.cpp.obj
                0x0000000008005354                Pid::Bed()
 .text._ZN3Pid4ExtrEv
                0x0000000008005450      0x138 CMakeFiles/ArmCpp.elf.dir/Dev/Pid.cpp.obj
                0x0000000008005450                Pid::Extr()
 .text._ZN7Command9ParaSolveEPh
                0x0000000008005588       0x8c CMakeFiles/ArmCpp.elf.dir/DtLib/DtCmd/Command.cpp.obj
                0x0000000008005588                Command::ParaSolve(unsigned char*)
 .text._ZN7CommandnwEjj
                0x0000000008005614       0x28 CMakeFiles/ArmCpp.elf.dir/DtLib/DtCmd/Command.cpp.obj
                0x0000000008005614                Command::operator new(unsigned int, unsigned int)
 .text._ZN7Command3EntEPh
                0x000000000800563c       0x14 CMakeFiles/ArmCpp.elf.dir/DtLib/DtCmd/Command.cpp.obj
                0x000000000800563c                Command::Ent(unsigned char*)
 .text._ZN7Command3ExeEv
                0x0000000008005650       0x12 CMakeFiles/ArmCpp.elf.dir/DtLib/DtCmd/Command.cpp.obj
                0x0000000008005650                Command::Exe()
 *fill*         0x0000000008005662        0x2 
 .text._Z41__static_initialization_and_destruction_0ii
                0x0000000008005664       0x3c CMakeFiles/ArmCpp.elf.dir/DtLib/DtCmd/Command.cpp.obj
 .text._GLOBAL__sub_I_cmds
                0x00000000080056a0       0x10 CMakeFiles/ArmCpp.elf.dir/DtLib/DtCmd/Command.cpp.obj
 .text._ZN4DtOs3RunEv
                0x00000000080056b0       0x34 CMakeFiles/ArmCpp.elf.dir/DtLib/DtOs/DtOs.cpp.obj
                0x00000000080056b0                DtOs::Run()
 .text._ZN4DtOs5CheckEP6DtTask
                0x00000000080056e4       0x2c CMakeFiles/ArmCpp.elf.dir/DtLib/DtOs/DtOs.cpp.obj
                0x00000000080056e4                DtOs::Check(DtTask*)
 .text._ZN6DtTask9ConstructEPFvvES1_
                0x0000000008005710       0x4e CMakeFiles/ArmCpp.elf.dir/DtLib/DtOs/DtTask.cpp.obj
                0x0000000008005710                DtTask::Construct(void (*)(), void (*)())
 .text._ZN6DtListIiEC2EPi
                0x000000000800575e       0x22 CMakeFiles/ArmCpp.elf.dir/DtLib/DtUtil/DtList.cpp.obj
                0x000000000800575e                DtList<int>::DtList(int*)
                0x000000000800575e                DtList<int>::DtList(int*)
 .text._Z41__static_initialization_and_destruction_0ii
                0x0000000008005780       0x34 CMakeFiles/ArmCpp.elf.dir/DtLib/DtUtil/DtList.cpp.obj
 .text._GLOBAL__sub_I_BTemp
                0x00000000080057b4       0x10 CMakeFiles/ArmCpp.elf.dir/DtLib/DtUtil/DtList.cpp.obj
 .text._ZN6DtTextlsEd
                0x00000000080057c4      0x180 CMakeFiles/ArmCpp.elf.dir/DtLib/DtUtil/DtText.cpp.obj
                0x00000000080057c4                DtText::operator<<(double)
 .text._ZN6DtTextlsEPKc
                0x0000000008005944       0x3a CMakeFiles/ArmCpp.elf.dir/DtLib/DtUtil/DtText.cpp.obj
                0x0000000008005944                DtText::operator<<(char const*)
 .text._ZN6DtTextlsEc
                0x000000000800597e       0x2c CMakeFiles/ArmCpp.elf.dir/DtLib/DtUtil/DtText.cpp.obj
                0x000000000800597e                DtText::operator<<(char)
 .text._ZN9TextTools7Str2NumEPhPj
                0x00000000080059aa       0x54 CMakeFiles/ArmCpp.elf.dir/DtLib/DtUtil/TextTools.cpp.obj
                0x00000000080059aa                TextTools::Str2Num(unsigned char*, unsigned int*)
 *fill*         0x00000000080059fe        0x2 
 .text._ZN9TextTools10Str2DoubleEPhPd
                0x0000000008005a00      0x184 CMakeFiles/ArmCpp.elf.dir/DtLib/DtUtil/TextTools.cpp.obj
                0x0000000008005a00                TextTools::Str2Double(unsigned char*, double*)
 .text._ZN6DtMath5RoundEd
                0x0000000008005b84       0x94 CMakeFiles/ArmCpp.elf.dir/DtLib/Math/DtMath.cpp.obj
                0x0000000008005b84                DtMath::Round(double)
 .text._ZN6DtMath12MedianFliterEPttt
                0x0000000008005c18       0xe2 CMakeFiles/ArmCpp.elf.dir/DtLib/Math/DtMath.cpp.obj
                0x0000000008005c18                DtMath::MedianFliter(unsigned short*, unsigned short, unsigned short)
 .text._ZN6DtMath4SoutEPttt
                0x0000000008005cfa       0xda CMakeFiles/ArmCpp.elf.dir/DtLib/Math/DtMath.cpp.obj
                0x0000000008005cfa                DtMath::Sout(unsigned short*, unsigned short, unsigned short)
 .text._ZN6DtMath7MemCopyEPtS0_ttt
                0x0000000008005dd4       0x48 CMakeFiles/ArmCpp.elf.dir/DtLib/Math/DtMath.cpp.obj
                0x0000000008005dd4                DtMath::MemCopy(unsigned short*, unsigned short*, unsigned short, unsigned short, unsigned short)
 .text._ZN3Adc2ChEjj
                0x0000000008005e1c       0xc0 CMakeFiles/ArmCpp.elf.dir/MspLib/Adc.cpp.obj
                0x0000000008005e1c                Adc::Ch(unsigned int, unsigned int)
 .text._ZN3Adc5GroupEj
                0x0000000008005edc       0x30 CMakeFiles/ArmCpp.elf.dir/MspLib/Adc.cpp.obj
                0x0000000008005edc                Adc::Group(unsigned int)
 .text._ZN3Adc5StartEv
                0x0000000008005f0c       0x1e CMakeFiles/ArmCpp.elf.dir/MspLib/Adc.cpp.obj
                0x0000000008005f0c                Adc::Start()
 .text._ZN3Adc4ModeE2blS0_
                0x0000000008005f2a       0x5a CMakeFiles/ArmCpp.elf.dir/MspLib/Adc.cpp.obj
                0x0000000008005f2a                Adc::Mode(bl, bl)
 .text._ZN3Adc3IqrE2bl
                0x0000000008005f84       0x36 CMakeFiles/ArmCpp.elf.dir/MspLib/Adc.cpp.obj
                0x0000000008005f84                Adc::Iqr(bl)
 .text._ZN3Adc7EocEachE2bl
                0x0000000008005fba       0x36 CMakeFiles/ArmCpp.elf.dir/MspLib/Adc.cpp.obj
                0x0000000008005fba                Adc::EocEach(bl)
 .text._ZN3Adc3DmaE2bl
                0x0000000008005ff0       0x3c CMakeFiles/ArmCpp.elf.dir/MspLib/Adc.cpp.obj
                0x0000000008005ff0                Adc::Dma(bl)
 .text._ZN3Adc2OnEv
                0x000000000800602c       0x1e CMakeFiles/ArmCpp.elf.dir/MspLib/Adc.cpp.obj
                0x000000000800602c                Adc::On()
 .text._ZN3Adc6ExtTriE2blS0_
                0x000000000800604a       0x5a CMakeFiles/ArmCpp.elf.dir/MspLib/Adc.cpp.obj
                0x000000000800604a                Adc::ExtTri(bl, bl)
 .text._ZN3Adc7TriEvenE11Adc_Trigger
                0x00000000080060a4       0x2c CMakeFiles/ArmCpp.elf.dir/MspLib/Adc.cpp.obj
                0x00000000080060a4                Adc::TriEven(Adc_Trigger)
 .text._ZN3Adc6SampleEj7Adc_Smp
                0x00000000080060d0       0x90 CMakeFiles/ArmCpp.elf.dir/MspLib/Adc.cpp.obj
                0x00000000080060d0                Adc::Sample(unsigned int, Adc_Smp)
 .text._ZN6Cortex7NvicPriE4IRQnjj
                0x0000000008006160      0x100 CMakeFiles/ArmCpp.elf.dir/MspLib/Cortex.cpp.obj
                0x0000000008006160                Cortex::NvicPri(IRQn, unsigned int, unsigned int)
 .text._ZN6Cortex9NvicGroupE14Priority_Group
                0x0000000008006260       0x7c CMakeFiles/ArmCpp.elf.dir/MspLib/Cortex.cpp.obj
                0x0000000008006260                Cortex::NvicGroup(Priority_Group)
 .text._ZN9DmaStream6SelectE11Dma_Channel
                0x00000000080062dc       0x2c CMakeFiles/ArmCpp.elf.dir/MspLib/Dma.cpp.obj
                0x00000000080062dc                DmaStream::Select(Dma_Channel)
 .text._ZN9DmaStream8PriorityE12Dma_Priority
                0x0000000008006308       0x2c CMakeFiles/ArmCpp.elf.dir/MspLib/Dma.cpp.obj
                0x0000000008006308                DmaStream::Priority(Dma_Priority)
 .text._ZN9DmaStream6MemSetE8Mem_Size8Mem_Mode
                0x0000000008006334       0x36 CMakeFiles/ArmCpp.elf.dir/MspLib/Dma.cpp.obj
                0x0000000008006334                DmaStream::MemSet(Mem_Size, Mem_Mode)
 .text._ZN9DmaStream6PerSetE8Per_Size8Per_Mode
                0x000000000800636a       0x36 CMakeFiles/ArmCpp.elf.dir/MspLib/Dma.cpp.obj
                0x000000000800636a                DmaStream::PerSet(Per_Size, Per_Mode)
 .text._ZN9DmaStream3DirE13Dma_Direction
                0x00000000080063a0       0x2e CMakeFiles/ArmCpp.elf.dir/MspLib/Dma.cpp.obj
                0x00000000080063a0                DmaStream::Dir(Dma_Direction)
 .text._ZN9DmaStream8CircularE2bl
                0x00000000080063ce       0x36 CMakeFiles/ArmCpp.elf.dir/MspLib/Dma.cpp.obj
                0x00000000080063ce                DmaStream::Circular(bl)
 .text._ZN9DmaStream8FlowCtrlE9Flow_Ctrl
                0x0000000008006404       0x36 CMakeFiles/ArmCpp.elf.dir/MspLib/Dma.cpp.obj
                0x0000000008006404                DmaStream::FlowCtrl(Flow_Ctrl)
 .text._ZN9DmaStream5StartEv
                0x000000000800643a       0x1e CMakeFiles/ArmCpp.elf.dir/MspLib/Dma.cpp.obj
                0x000000000800643a                DmaStream::Start()
 .text._ZN9DmaStream8Mem0AddrEj
                0x0000000008006458       0x1a CMakeFiles/ArmCpp.elf.dir/MspLib/Dma.cpp.obj
                0x0000000008006458                DmaStream::Mem0Addr(unsigned int)
 .text._ZN9DmaStream7PerAddrEj
                0x0000000008006472       0x1a CMakeFiles/ArmCpp.elf.dir/MspLib/Dma.cpp.obj
                0x0000000008006472                DmaStream::PerAddr(unsigned int)
 .text._ZN9DmaStream7DateNumEj
                0x000000000800648c       0x1a CMakeFiles/ArmCpp.elf.dir/MspLib/Dma.cpp.obj
                0x000000000800648c                DmaStream::DateNum(unsigned int)
 .text._ZN5Flash10WaitCyclesEj
                0x00000000080064a6       0x24 CMakeFiles/ArmCpp.elf.dir/MspLib/Flash.cpp.obj
                0x00000000080064a6                Flash::WaitCycles(unsigned int)
 .text._ZN4Gpio5OutPpEj
                0x00000000080064ca       0x52 CMakeFiles/ArmCpp.elf.dir/MspLib/Gpio.cpp.obj
                0x00000000080064ca                Gpio::OutPp(unsigned int)
 .text._ZN4Gpio5OutOdEj
                0x000000000800651c       0x50 CMakeFiles/ArmCpp.elf.dir/MspLib/Gpio.cpp.obj
                0x000000000800651c                Gpio::OutOd(unsigned int)
 .text._ZN4Gpio4DownEj
                0x000000000800656c       0x20 CMakeFiles/ArmCpp.elf.dir/MspLib/Gpio.cpp.obj
                0x000000000800656c                Gpio::Down(unsigned int)
 .text._ZN4Gpio2UpEj
                0x000000000800658c       0x1e CMakeFiles/ArmCpp.elf.dir/MspLib/Gpio.cpp.obj
                0x000000000800658c                Gpio::Up(unsigned int)
 .text._ZN4Gpio4AfPpEj
                0x00000000080065aa       0x52 CMakeFiles/ArmCpp.elf.dir/MspLib/Gpio.cpp.obj
                0x00000000080065aa                Gpio::AfPp(unsigned int)
 .text._ZN4Gpio5SpeedEj3SPD
                0x00000000080065fc       0x42 CMakeFiles/ArmCpp.elf.dir/MspLib/Gpio.cpp.obj
                0x00000000080065fc                Gpio::Speed(unsigned int, SPD)
 .text._ZN4Gpio4PullEj4PULL
                0x000000000800663e       0x42 CMakeFiles/ArmCpp.elf.dir/MspLib/Gpio.cpp.obj
                0x000000000800663e                Gpio::Pull(unsigned int, PULL)
 .text._ZN4Gpio9AlternateEj4AFIO
                0x0000000008006680       0x80 CMakeFiles/ArmCpp.elf.dir/MspLib/Gpio.cpp.obj
                0x0000000008006680                Gpio::Alternate(unsigned int, AFIO)
 .text._ZN4Gpio4AnalEj
                0x0000000008006700       0x28 CMakeFiles/ArmCpp.elf.dir/MspLib/Gpio.cpp.obj
                0x0000000008006700                Gpio::Anal(unsigned int)
 .text._ZN4Gpio2InEj
                0x0000000008006728       0x2a CMakeFiles/ArmCpp.elf.dir/MspLib/Gpio.cpp.obj
                0x0000000008006728                Gpio::In(unsigned int)
 .text._ZN5Power5ScaleE11Power_Scale
                0x0000000008006752       0x3c CMakeFiles/ArmCpp.elf.dir/MspLib/Power.cpp.obj
                0x0000000008006752                Power::Scale(Power_Scale)
 .text._ZN3Rcc5HseOnEv
                0x000000000800678e       0x36 CMakeFiles/ArmCpp.elf.dir/MspLib/Rcc.cpp.obj
                0x000000000800678e                Rcc::HseOn()
 .text._ZN3Rcc5PllOnEv
                0x00000000080067c4       0x36 CMakeFiles/ArmCpp.elf.dir/MspLib/Rcc.cpp.obj
                0x00000000080067c4                Rcc::PllOn()
 .text._ZN3Rcc10APB1EnableE8APB1_Dev
                0x00000000080067fa       0x20 CMakeFiles/ArmCpp.elf.dir/MspLib/Rcc.cpp.obj
                0x00000000080067fa                Rcc::APB1Enable(APB1_Dev)
 .text._ZN3Rcc10APB2EnableE8APB2_Dev
                0x000000000800681a       0x22 CMakeFiles/ArmCpp.elf.dir/MspLib/Rcc.cpp.obj
                0x000000000800681a                Rcc::APB2Enable(APB2_Dev)
 .text._ZN3Rcc10AHB1EnableE8AHB1_Dev
                0x000000000800683c       0x20 CMakeFiles/ArmCpp.elf.dir/MspLib/Rcc.cpp.obj
                0x000000000800683c                Rcc::AHB1Enable(AHB1_Dev)
 .text._ZN3Rcc3PllEjjjj7Pll_Src
                0x000000000800685c       0xa0 CMakeFiles/ArmCpp.elf.dir/MspLib/Rcc.cpp.obj
                0x000000000800685c                Rcc::Pll(unsigned int, unsigned int, unsigned int, unsigned int, Pll_Src)
 .text._ZN3Rcc3ClkE11AHB_Clk_Div11APB_Clk_DivS1_7Clk_Src
                0x00000000080068fc      0x218 CMakeFiles/ArmCpp.elf.dir/MspLib/Rcc.cpp.obj
                0x00000000080068fc                Rcc::Clk(AHB_Clk_Div, APB_Clk_Div, APB_Clk_Div, Clk_Src)
 .text._ZN4Tick5DelayEj
                0x0000000008006b14       0x3e CMakeFiles/ArmCpp.elf.dir/MspLib/Tick.cpp.obj
                0x0000000008006b14                Tick::Delay(unsigned int)
 .text._ZN3Tim5SleepEtt
                0x0000000008006b52       0x32 CMakeFiles/ArmCpp.elf.dir/MspLib/Tim.cpp.obj
                0x0000000008006b52                Tim::Sleep(unsigned short, unsigned short)
 .text._ZN3Tim3RunEtt
                0x0000000008006b84       0x32 CMakeFiles/ArmCpp.elf.dir/MspLib/Tim.cpp.obj
                0x0000000008006b84                Tim::Run(unsigned short, unsigned short)
 .text._ZN3Tim4Pwm2Ett
                0x0000000008006bb6       0x5c CMakeFiles/ArmCpp.elf.dir/MspLib/Tim.cpp.obj
                0x0000000008006bb6                Tim::Pwm2(unsigned short, unsigned short)
 .text._ZN3Tim4Pwm4Ett
                0x0000000008006c12       0x5c CMakeFiles/ArmCpp.elf.dir/MspLib/Tim.cpp.obj
                0x0000000008006c12                Tim::Pwm4(unsigned short, unsigned short)
 *fill*         0x0000000008006c6e        0x2 
 .text._ZN5Usart4BaudEj
                0x0000000008006c70       0x78 CMakeFiles/ArmCpp.elf.dir/MspLib/Usart.cpp.obj
                0x0000000008006c70                Usart::Baud(unsigned int)
 .text._ZN5Usart5ResetEv
                0x0000000008006ce8       0x24 CMakeFiles/ArmCpp.elf.dir/MspLib/Usart.cpp.obj
                0x0000000008006ce8                Usart::Reset()
 .text._ZN5Usart6EnableE8Use_Mode
                0x0000000008006d0c       0x5a CMakeFiles/ArmCpp.elf.dir/MspLib/Usart.cpp.obj
                0x0000000008006d0c                Usart::Enable(Use_Mode)
 .text._ZN5Usart7PrintLnEPKc
                0x0000000008006d66       0x62 CMakeFiles/ArmCpp.elf.dir/MspLib/Usart.cpp.obj
                0x0000000008006d66                Usart::PrintLn(char const*)
 .text._ZN5Usart5CleanE12Usart_Status
                0x0000000008006dc8       0x2a CMakeFiles/ArmCpp.elf.dir/MspLib/Usart.cpp.obj
                0x0000000008006dc8                Usart::Clean(Usart_Status)
 .text._ZN5Usart7PrintLnEPh
                0x0000000008006df2       0x80 CMakeFiles/ArmCpp.elf.dir/MspLib/Usart.cpp.obj
                0x0000000008006df2                Usart::PrintLn(unsigned char*)
 *fill*         0x0000000008006e72        0x2 
 .text._ZN10__cxxabiv120__si_class_type_infoD2Ev
                0x0000000008006e74       0x14 /home/Soft/gcc-arm-none-eabi/bin/../lib/gcc/arm-none-eabi/8.2.1/../../../../arm-none-eabi/lib/thumb/v7e-m/nofp/libstdc++_nano.a(si_class_type_info.o)
                0x0000000008006e74                __cxxabiv1::__si_class_type_info::~__si_class_type_info()
                0x0000000008006e74                __cxxabiv1::__si_class_type_info::~__si_class_type_info()
 .text._ZN10__cxxabiv120__si_class_type_infoD0Ev
                0x0000000008006e88       0x14 /home/Soft/gcc-arm-none-eabi/bin/../lib/gcc/arm-none-eabi/8.2.1/../../../../arm-none-eabi/lib/thumb/v7e-m/nofp/libstdc++_nano.a(si_class_type_info.o)
                0x0000000008006e88                __cxxabiv1::__si_class_type_info::~__si_class_type_info()
 .text._ZNK10__cxxabiv120__si_class_type_info20__do_find_public_srcEiPKvPKNS_17__class_type_infoES2_
                0x0000000008006e9c       0x38 /home/Soft/gcc-arm-none-eabi/bin/../lib/gcc/arm-none-eabi/8.2.1/../../../../arm-none-eabi/lib/thumb/v7e-m/nofp/libstdc++_nano.a(si_class_type_info.o)
                0x0000000008006e9c                __cxxabiv1::__si_class_type_info::__do_find_public_src(int, void const*, __cxxabiv1::__class_type_info const*, void const*) const
 .text._ZNK10__cxxabiv120__si_class_type_info12__do_dyncastEiNS_17__class_type_info10__sub_kindEPKS1_PKvS4_S6_RNS1_16__dyncast_resultE
                0x0000000008006ed4       0x74 /home/Soft/gcc-arm-none-eabi/bin/../lib/gcc/arm-none-eabi/8.2.1/../../../../arm-none-eabi/lib/thumb/v7e-m/nofp/libstdc++_nano.a(si_class_type_info.o)
                0x0000000008006ed4                __cxxabiv1::__si_class_type_info::__do_dyncast(int, __cxxabiv1::__class_type_info::__sub_kind, __cxxabiv1::__class_type_info const*, void const*, __cxxabiv1::__class_type_info const*, void const*, __cxxabiv1::__class_type_info::__dyncast_result&) const
 .text._ZNK10__cxxabiv120__si_class_type_info11__do_upcastEPKNS_17__class_type_infoEPKvRNS1_15__upcast_resultE
                0x0000000008006f48       0x2a /home/Soft/gcc-arm-none-eabi/bin/../lib/gcc/arm-none-eabi/8.2.1/../../../../arm-none-eabi/lib/thumb/v7e-m/nofp/libstdc++_nano.a(si_class_type_info.o)
                0x0000000008006f48                __cxxabiv1::__si_class_type_info::__do_upcast(__cxxabiv1::__class_type_info const*, void const*, __cxxabiv1::__class_type_info::__upcast_result&) const
 .text._ZNSt9type_infoD2Ev
                0x0000000008006f72        0x2 /home/Soft/gcc-arm-none-eabi/bin/../lib/gcc/arm-none-eabi/8.2.1/../../../../arm-none-eabi/lib/thumb/v7e-m/nofp/libstdc++_nano.a(tinfo.o)
                0x0000000008006f72                std::type_info::~type_info()
                0x0000000008006f72                std::type_info::~type_info()
 .text._ZNKSt9type_info14__is_pointer_pEv
                0x0000000008006f74        0x4 /home/Soft/gcc-arm-none-eabi/bin/../lib/gcc/arm-none-eabi/8.2.1/../../../../arm-none-eabi/lib/thumb/v7e-m/nofp/libstdc++_nano.a(tinfo.o)
                0x0000000008006f74                std::type_info::__is_function_p() const
                0x0000000008006f74                std::type_info::__is_pointer_p() const
 .text._ZNKSt9type_infoeqERKS_
                0x0000000008006f78       0x2c /home/Soft/gcc-arm-none-eabi/bin/../lib/gcc/arm-none-eabi/8.2.1/../../../../arm-none-eabi/lib/thumb/v7e-m/nofp/libstdc++_nano.a(tinfo.o)
                0x0000000008006f78                std::type_info::operator==(std::type_info const&) const
 .text._ZNK10__cxxabiv117__class_type_info11__do_upcastEPKS0_PPv
                0x0000000008006fa4       0x34 /home/Soft/gcc-arm-none-eabi/bin/../lib/gcc/arm-none-eabi/8.2.1/../../../../arm-none-eabi/lib/thumb/v7e-m/nofp/libstdc++_nano.a(class_type_info.o)
                0x0000000008006fa4                __cxxabiv1::__class_type_info::__do_upcast(__cxxabiv1::__class_type_info const*, void**) const
 .text._ZNK10__cxxabiv117__class_type_info20__do_find_public_srcEiPKvPKS0_S2_
                0x0000000008006fd8        0xc /home/Soft/gcc-arm-none-eabi/bin/../lib/gcc/arm-none-eabi/8.2.1/../../../../arm-none-eabi/lib/thumb/v7e-m/nofp/libstdc++_nano.a(class_type_info.o)
                0x0000000008006fd8                __cxxabiv1::__class_type_info::__do_find_public_src(int, void const*, __cxxabiv1::__class_type_info const*, void const*) const
 .text._ZN10__cxxabiv117__class_type_infoD2Ev
                0x0000000008006fe4       0x14 /home/Soft/gcc-arm-none-eabi/bin/../lib/gcc/arm-none-eabi/8.2.1/../../../../arm-none-eabi/lib/thumb/v7e-m/nofp/libstdc++_nano.a(class_type_info.o)
                0x0000000008006fe4                __cxxabiv1::__class_type_info::~__class_type_info()
                0x0000000008006fe4                __cxxabiv1::__class_type_info::~__class_type_info()
 .text._ZN10__cxxabiv117__class_type_infoD0Ev
                0x0000000008006ff8       0x14 /home/Soft/gcc-arm-none-eabi/bin/../lib/gcc/arm-none-eabi/8.2.1/../../../../arm-none-eabi/lib/thumb/v7e-m/nofp/libstdc++_nano.a(class_type_info.o)
                0x0000000008006ff8                __cxxabiv1::__class_type_info::~__class_type_info()
 .text._ZNK10__cxxabiv117__class_type_info12__do_dyncastEiNS0_10__sub_kindEPKS0_PKvS3_S5_RNS0_16__dyncast_resultE
                0x000000000800700c       0x3a /home/Soft/gcc-arm-none-eabi/bin/../lib/gcc/arm-none-eabi/8.2.1/../../../../arm-none-eabi/lib/thumb/v7e-m/nofp/libstdc++_nano.a(class_type_info.o)
                0x000000000800700c                __cxxabiv1::__class_type_info::__do_dyncast(int, __cxxabiv1::__class_type_info::__sub_kind, __cxxabiv1::__class_type_info const*, void const*, __cxxabiv1::__class_type_info const*, void const*, __cxxabiv1::__class_type_info::__dyncast_result&) const
 .text._ZNK10__cxxabiv117__class_type_info11__do_upcastEPKS0_PKvRNS0_15__upcast_resultE
                0x0000000008007046       0x18 /home/Soft/gcc-arm-none-eabi/bin/../lib/gcc/arm-none-eabi/8.2.1/../../../../arm-none-eabi/lib/thumb/v7e-m/nofp/libstdc++_nano.a(class_type_info.o)
                0x0000000008007046                __cxxabiv1::__class_type_info::__do_upcast(__cxxabiv1::__class_type_info const*, void const*, __cxxabiv1::__class_type_info::__upcast_result&) const
 .text._ZNK10__cxxabiv117__class_type_info10__do_catchEPKSt9type_infoPPvj
                0x000000000800705e       0x2a /home/Soft/gcc-arm-none-eabi/bin/../lib/gcc/arm-none-eabi/8.2.1/../../../../arm-none-eabi/lib/thumb/v7e-m/nofp/libstdc++_nano.a(class_type_info.o)
                0x000000000800705e                __cxxabiv1::__class_type_info::__do_catch(std::type_info const*, void**, unsigned int) const
 .text._ZdlPvj  0x0000000008007088        0x4 /home/Soft/gcc-arm-none-eabi/bin/../lib/gcc/arm-none-eabi/8.2.1/../../../../arm-none-eabi/lib/thumb/v7e-m/nofp/libstdc++_nano.a(del_ops.o)
                0x0000000008007088                operator delete(void*, unsigned int)
 .text._ZdlPv   0x000000000800708c        0x4 /home/Soft/gcc-arm-none-eabi/bin/../lib/gcc/arm-none-eabi/8.2.1/../../../../arm-none-eabi/lib/thumb/v7e-m/nofp/libstdc++_nano.a(del_op.o)
                0x000000000800708c                operator delete(void*)
 .text.__libc_init_array
                0x0000000008007090       0x48 /home/Soft/gcc-arm-none-eabi/bin/../lib/gcc/arm-none-eabi/8.2.1/../../../../arm-none-eabi/lib/thumb/v7e-m/nofp/libg_nano.a(lib_a-init.o)
                0x0000000008007090                __libc_init_array
 .text.free     0x00000000080070d8       0x10 /home/Soft/gcc-arm-none-eabi/bin/../lib/gcc/arm-none-eabi/8.2.1/../../../../arm-none-eabi/lib/thumb/v7e-m/nofp/libg_nano.a(lib_a-malloc.o)
                0x00000000080070d8                free
 .text.memset   0x00000000080070e8       0x10 /home/Soft/gcc-arm-none-eabi/bin/../lib/gcc/arm-none-eabi/8.2.1/../../../../arm-none-eabi/lib/thumb/v7e-m/nofp/libg_nano.a(lib_a-memset.o)
                0x00000000080070e8                memset
 .text._free_r  0x00000000080070f8       0x9c /home/Soft/gcc-arm-none-eabi/bin/../lib/gcc/arm-none-eabi/8.2.1/../../../../arm-none-eabi/lib/thumb/v7e-m/nofp/libg_nano.a(lib_a-nano-freer.o)
                0x00000000080070f8                _free_r
 .text.__malloc_lock
                0x0000000008007194        0xc /home/Soft/gcc-arm-none-eabi/bin/../lib/gcc/arm-none-eabi/8.2.1/../../../../arm-none-eabi/lib/thumb/v7e-m/nofp/libg_nano.a(lib_a-mlock.o)
                0x0000000008007194                __malloc_lock
 .text.__malloc_unlock
                0x00000000080071a0        0xc /home/Soft/gcc-arm-none-eabi/bin/../lib/gcc/arm-none-eabi/8.2.1/../../../../arm-none-eabi/lib/thumb/v7e-m/nofp/libg_nano.a(lib_a-mlock.o)
                0x00000000080071a0                __malloc_unlock
 .text.__retarget_lock_acquire_recursive
                0x00000000080071ac        0x2 /home/Soft/gcc-arm-none-eabi/bin/../lib/gcc/arm-none-eabi/8.2.1/../../../../arm-none-eabi/lib/thumb/v7e-m/nofp/libg_nano.a(lib_a-lock.o)
                0x00000000080071ac                __retarget_lock_acquire_recursive
 .text.__retarget_lock_release_recursive
                0x00000000080071ae        0x2 /home/Soft/gcc-arm-none-eabi/bin/../lib/gcc/arm-none-eabi/8.2.1/../../../../arm-none-eabi/lib/thumb/v7e-m/nofp/libg_nano.a(lib_a-lock.o)
                0x00000000080071ae                __retarget_lock_release_recursive
 *(.glue_7)
 .glue_7        0x00000000080071b0        0x0 linker stubs
 *(.glue_7t)
 .glue_7t       0x00000000080071b0        0x0 linker stubs
 *(.eh_frame)
 .eh_frame      0x00000000080071b0        0x0 /home/Soft/gcc-arm-none-eabi/bin/../lib/gcc/arm-none-eabi/8.2.1/thumb/v7e-m/nofp/crtbegin.o
 *(.init)
 .init          0x00000000080071b0        0x4 /home/Soft/gcc-arm-none-eabi/bin/../lib/gcc/arm-none-eabi/8.2.1/thumb/v7e-m/nofp/crti.o
                0x00000000080071b0                _init
 .init          0x00000000080071b4        0x8 /home/Soft/gcc-arm-none-eabi/bin/../lib/gcc/arm-none-eabi/8.2.1/thumb/v7e-m/nofp/crtn.o
 *(.fini)
 .fini          0x00000000080071bc        0x4 /home/Soft/gcc-arm-none-eabi/bin/../lib/gcc/arm-none-eabi/8.2.1/thumb/v7e-m/nofp/crti.o
                0x00000000080071bc                _fini
 .fini          0x00000000080071c0        0x8 /home/Soft/gcc-arm-none-eabi/bin/../lib/gcc/arm-none-eabi/8.2.1/thumb/v7e-m/nofp/crtn.o
                0x00000000080071c8                . = ALIGN (0x4)
                0x00000000080071c8                _etext = .

.vfp11_veneer   0x00000000080071c8        0x0
 .vfp11_veneer  0x00000000080071c8        0x0 linker stubs

.v4_bx          0x00000000080071c8        0x0
 .v4_bx         0x00000000080071c8        0x0 linker stubs

.iplt           0x00000000080071c8        0x0
 .iplt          0x00000000080071c8        0x0 /home/Soft/gcc-arm-none-eabi/bin/../lib/gcc/arm-none-eabi/8.2.1/thumb/v7e-m/nofp/crtbegin.o

.rodata         0x00000000080071c8      0xabc
                0x00000000080071c8                . = ALIGN (0x4)
 *(.rodata)
 .rodata        0x00000000080071c8       0x20 CMakeFiles/ArmCpp.elf.dir/App/CmdMana.cpp.obj
 .rodata        0x00000000080071e8        0xb CMakeFiles/ArmCpp.elf.dir/Cmd/M105.cpp.obj
 *fill*         0x00000000080071f3        0x1 
 .rodata        0x00000000080071f4        0xe CMakeFiles/ArmCpp.elf.dir/Cmd/M109.cpp.obj
 *fill*         0x0000000008007202        0x2 
 .rodata        0x0000000008007204        0xf CMakeFiles/ArmCpp.elf.dir/Cmd/M114.cpp.obj
 *fill*         0x0000000008007213        0x1 
 .rodata        0x0000000008007214        0xe CMakeFiles/ArmCpp.elf.dir/Cmd/M190.cpp.obj
 *fill*         0x0000000008007222        0x2 
 .rodata        0x0000000008007224        0x6 CMakeFiles/ArmCpp.elf.dir/Cmd/X0.cpp.obj
 *fill*         0x000000000800722a        0x2 
 .rodata        0x000000000800722c       0x1c CMakeFiles/ArmCpp.elf.dir/Dev/Comm.cpp.obj
 *(.rodata*)
 .rodata._ZTV2G0
                0x0000000008007248       0x10 CMakeFiles/ArmCpp.elf.dir/Cmd/G0.cpp.obj
                0x0000000008007248                vtable for G0
 .rodata._ZTI2G0
                0x0000000008007258        0xc CMakeFiles/ArmCpp.elf.dir/Cmd/G0.cpp.obj
                0x0000000008007258                typeinfo for G0
 .rodata._ZTS2G0
                0x0000000008007264        0x4 CMakeFiles/ArmCpp.elf.dir/Cmd/G0.cpp.obj
                0x0000000008007264                typeinfo name for G0
 .rodata._ZTV3G21
                0x0000000008007268       0x10 CMakeFiles/ArmCpp.elf.dir/Cmd/G21.cpp.obj
                0x0000000008007268                vtable for G21
 .rodata._ZTI3G21
                0x0000000008007278        0xc CMakeFiles/ArmCpp.elf.dir/Cmd/G21.cpp.obj
                0x0000000008007278                typeinfo for G21
 .rodata._ZTS3G21
                0x0000000008007284        0x5 CMakeFiles/ArmCpp.elf.dir/Cmd/G21.cpp.obj
                0x0000000008007284                typeinfo name for G21
 *fill*         0x0000000008007289        0x3 
 .rodata._ZTV3G28
                0x000000000800728c       0x10 CMakeFiles/ArmCpp.elf.dir/Cmd/G28.cpp.obj
                0x000000000800728c                vtable for G28
 .rodata._ZTI3G28
                0x000000000800729c        0xc CMakeFiles/ArmCpp.elf.dir/Cmd/G28.cpp.obj
                0x000000000800729c                typeinfo for G28
 .rodata._ZTS3G28
                0x00000000080072a8        0x5 CMakeFiles/ArmCpp.elf.dir/Cmd/G28.cpp.obj
                0x00000000080072a8                typeinfo name for G28
 *fill*         0x00000000080072ad        0x3 
 .rodata._ZTV3G90
                0x00000000080072b0       0x10 CMakeFiles/ArmCpp.elf.dir/Cmd/G90.cpp.obj
                0x00000000080072b0                vtable for G90
 .rodata._ZTI3G90
                0x00000000080072c0        0xc CMakeFiles/ArmCpp.elf.dir/Cmd/G90.cpp.obj
                0x00000000080072c0                typeinfo for G90
 .rodata._ZTS3G90
                0x00000000080072cc        0x5 CMakeFiles/ArmCpp.elf.dir/Cmd/G90.cpp.obj
                0x00000000080072cc                typeinfo name for G90
 *fill*         0x00000000080072d1        0x3 
 .rodata._ZTV3G91
                0x00000000080072d4       0x10 CMakeFiles/ArmCpp.elf.dir/Cmd/G91.cpp.obj
                0x00000000080072d4                vtable for G91
 .rodata._ZTI3G91
                0x00000000080072e4        0xc CMakeFiles/ArmCpp.elf.dir/Cmd/G91.cpp.obj
                0x00000000080072e4                typeinfo for G91
 .rodata._ZTS3G91
                0x00000000080072f0        0x5 CMakeFiles/ArmCpp.elf.dir/Cmd/G91.cpp.obj
                0x00000000080072f0                typeinfo name for G91
 *fill*         0x00000000080072f5        0x3 
 .rodata._ZTV3G92
                0x00000000080072f8       0x10 CMakeFiles/ArmCpp.elf.dir/Cmd/G92.cpp.obj
                0x00000000080072f8                vtable for G92
 .rodata._ZTI3G92
                0x0000000008007308        0xc CMakeFiles/ArmCpp.elf.dir/Cmd/G92.cpp.obj
                0x0000000008007308                typeinfo for G92
 .rodata._ZTS3G92
                0x0000000008007314        0x5 CMakeFiles/ArmCpp.elf.dir/Cmd/G92.cpp.obj
                0x0000000008007314                typeinfo name for G92
 *fill*         0x0000000008007319        0x3 
 .rodata._ZTV4M104
                0x000000000800731c       0x10 CMakeFiles/ArmCpp.elf.dir/Cmd/M104.cpp.obj
                0x000000000800731c                vtable for M104
 .rodata._ZTI4M104
                0x000000000800732c        0xc CMakeFiles/ArmCpp.elf.dir/Cmd/M104.cpp.obj
                0x000000000800732c                typeinfo for M104
 .rodata._ZTS4M104
                0x0000000008007338        0x6 CMakeFiles/ArmCpp.elf.dir/Cmd/M104.cpp.obj
                0x0000000008007338                typeinfo name for M104
 *fill*         0x000000000800733e        0x2 
 .rodata._ZTV4M105
                0x0000000008007340       0x10 CMakeFiles/ArmCpp.elf.dir/Cmd/M105.cpp.obj
                0x0000000008007340                vtable for M105
 .rodata._ZTI4M105
                0x0000000008007350        0xc CMakeFiles/ArmCpp.elf.dir/Cmd/M105.cpp.obj
                0x0000000008007350                typeinfo for M105
 .rodata._ZTS4M105
                0x000000000800735c        0x6 CMakeFiles/ArmCpp.elf.dir/Cmd/M105.cpp.obj
                0x000000000800735c                typeinfo name for M105
 *fill*         0x0000000008007362        0x2 
 .rodata._ZTV4M106
                0x0000000008007364       0x10 CMakeFiles/ArmCpp.elf.dir/Cmd/M106.cpp.obj
                0x0000000008007364                vtable for M106
 .rodata._ZTI4M106
                0x0000000008007374        0xc CMakeFiles/ArmCpp.elf.dir/Cmd/M106.cpp.obj
                0x0000000008007374                typeinfo for M106
 .rodata._ZTS4M106
                0x0000000008007380        0x6 CMakeFiles/ArmCpp.elf.dir/Cmd/M106.cpp.obj
                0x0000000008007380                typeinfo name for M106
 *fill*         0x0000000008007386        0x2 
 .rodata._ZTV4M107
                0x0000000008007388       0x10 CMakeFiles/ArmCpp.elf.dir/Cmd/M107.cpp.obj
                0x0000000008007388                vtable for M107
 .rodata._ZTI4M107
                0x0000000008007398        0xc CMakeFiles/ArmCpp.elf.dir/Cmd/M107.cpp.obj
                0x0000000008007398                typeinfo for M107
 .rodata._ZTS4M107
                0x00000000080073a4        0x6 CMakeFiles/ArmCpp.elf.dir/Cmd/M107.cpp.obj
                0x00000000080073a4                typeinfo name for M107
 *fill*         0x00000000080073aa        0x2 
 .rodata._ZTV4M109
                0x00000000080073ac       0x10 CMakeFiles/ArmCpp.elf.dir/Cmd/M109.cpp.obj
                0x00000000080073ac                vtable for M109
 .rodata._ZTI4M109
                0x00000000080073bc        0xc CMakeFiles/ArmCpp.elf.dir/Cmd/M109.cpp.obj
                0x00000000080073bc                typeinfo for M109
 .rodata._ZTS4M109
                0x00000000080073c8        0x6 CMakeFiles/ArmCpp.elf.dir/Cmd/M109.cpp.obj
                0x00000000080073c8                typeinfo name for M109
 *fill*         0x00000000080073ce        0x2 
 .rodata._ZTV4M110
                0x00000000080073d0       0x10 CMakeFiles/ArmCpp.elf.dir/Cmd/M110.cpp.obj
                0x00000000080073d0                vtable for M110
 .rodata._ZTI4M110
                0x00000000080073e0        0xc CMakeFiles/ArmCpp.elf.dir/Cmd/M110.cpp.obj
                0x00000000080073e0                typeinfo for M110
 .rodata._ZTS4M110
                0x00000000080073ec        0x6 CMakeFiles/ArmCpp.elf.dir/Cmd/M110.cpp.obj
                0x00000000080073ec                typeinfo name for M110
 *fill*         0x00000000080073f2        0x2 
 .rodata._ZTV4M111
                0x00000000080073f4       0x10 CMakeFiles/ArmCpp.elf.dir/Cmd/M111.cpp.obj
                0x00000000080073f4                vtable for M111
 .rodata._ZTI4M111
                0x0000000008007404        0xc CMakeFiles/ArmCpp.elf.dir/Cmd/M111.cpp.obj
                0x0000000008007404                typeinfo for M111
 .rodata._ZTS4M111
                0x0000000008007410        0x6 CMakeFiles/ArmCpp.elf.dir/Cmd/M111.cpp.obj
                0x0000000008007410                typeinfo name for M111
 *fill*         0x0000000008007416        0x2 
 .rodata._ZTV4M114
                0x0000000008007418       0x10 CMakeFiles/ArmCpp.elf.dir/Cmd/M114.cpp.obj
                0x0000000008007418                vtable for M114
 .rodata._ZTI4M114
                0x0000000008007428        0xc CMakeFiles/ArmCpp.elf.dir/Cmd/M114.cpp.obj
                0x0000000008007428                typeinfo for M114
 .rodata._ZTS4M114
                0x0000000008007434        0x6 CMakeFiles/ArmCpp.elf.dir/Cmd/M114.cpp.obj
                0x0000000008007434                typeinfo name for M114
 *fill*         0x000000000800743a        0x2 
 .rodata._ZTV4M115
                0x000000000800743c       0x10 CMakeFiles/ArmCpp.elf.dir/Cmd/M115.cpp.obj
                0x000000000800743c                vtable for M115
 .rodata._ZTI4M115
                0x000000000800744c        0xc CMakeFiles/ArmCpp.elf.dir/Cmd/M115.cpp.obj
                0x000000000800744c                typeinfo for M115
 .rodata._ZTS4M115
                0x0000000008007458        0x6 CMakeFiles/ArmCpp.elf.dir/Cmd/M115.cpp.obj
                0x0000000008007458                typeinfo name for M115
 *fill*         0x000000000800745e        0x2 
 .rodata._ZTV4M140
                0x0000000008007460       0x10 CMakeFiles/ArmCpp.elf.dir/Cmd/M140.cpp.obj
                0x0000000008007460                vtable for M140
 .rodata._ZTI4M140
                0x0000000008007470        0xc CMakeFiles/ArmCpp.elf.dir/Cmd/M140.cpp.obj
                0x0000000008007470                typeinfo for M140
 .rodata._ZTS4M140
                0x000000000800747c        0x6 CMakeFiles/ArmCpp.elf.dir/Cmd/M140.cpp.obj
                0x000000000800747c                typeinfo name for M140
 *fill*         0x0000000008007482        0x2 
 .rodata._ZTV4M190
                0x0000000008007484       0x10 CMakeFiles/ArmCpp.elf.dir/Cmd/M190.cpp.obj
                0x0000000008007484                vtable for M190
 .rodata._ZTI4M190
                0x0000000008007494        0xc CMakeFiles/ArmCpp.elf.dir/Cmd/M190.cpp.obj
                0x0000000008007494                typeinfo for M190
 .rodata._ZTS4M190
                0x00000000080074a0        0x6 CMakeFiles/ArmCpp.elf.dir/Cmd/M190.cpp.obj
                0x00000000080074a0                typeinfo name for M190
 *fill*         0x00000000080074a6        0x2 
 .rodata._ZTV4M201
                0x00000000080074a8       0x10 CMakeFiles/ArmCpp.elf.dir/Cmd/M201.cpp.obj
                0x00000000080074a8                vtable for M201
 .rodata._ZTI4M201
                0x00000000080074b8        0xc CMakeFiles/ArmCpp.elf.dir/Cmd/M201.cpp.obj
                0x00000000080074b8                typeinfo for M201
 .rodata._ZTS4M201
                0x00000000080074c4        0x6 CMakeFiles/ArmCpp.elf.dir/Cmd/M201.cpp.obj
                0x00000000080074c4                typeinfo name for M201
 *fill*         0x00000000080074ca        0x2 
 .rodata._ZTV4M202
                0x00000000080074cc       0x10 CMakeFiles/ArmCpp.elf.dir/Cmd/M202.cpp.obj
                0x00000000080074cc                vtable for M202
 .rodata._ZTI4M202
                0x00000000080074dc        0xc CMakeFiles/ArmCpp.elf.dir/Cmd/M202.cpp.obj
                0x00000000080074dc                typeinfo for M202
 .rodata._ZTS4M202
                0x00000000080074e8        0x6 CMakeFiles/ArmCpp.elf.dir/Cmd/M202.cpp.obj
                0x00000000080074e8                typeinfo name for M202
 *fill*         0x00000000080074ee        0x2 
 .rodata._ZTV4M220
                0x00000000080074f0       0x10 CMakeFiles/ArmCpp.elf.dir/Cmd/M220.cpp.obj
                0x00000000080074f0                vtable for M220
 .rodata._ZTI4M220
                0x0000000008007500        0xc CMakeFiles/ArmCpp.elf.dir/Cmd/M220.cpp.obj
                0x0000000008007500                typeinfo for M220
 .rodata._ZTS4M220
                0x000000000800750c        0x6 CMakeFiles/ArmCpp.elf.dir/Cmd/M220.cpp.obj
                0x000000000800750c                typeinfo name for M220
 *fill*         0x0000000008007512        0x2 
 .rodata._ZTV4M221
                0x0000000008007514       0x10 CMakeFiles/ArmCpp.elf.dir/Cmd/M221.cpp.obj
                0x0000000008007514                vtable for M221
 .rodata._ZTI4M221
                0x0000000008007524        0xc CMakeFiles/ArmCpp.elf.dir/Cmd/M221.cpp.obj
                0x0000000008007524                typeinfo for M221
 .rodata._ZTS4M221
                0x0000000008007530        0x6 CMakeFiles/ArmCpp.elf.dir/Cmd/M221.cpp.obj
                0x0000000008007530                typeinfo name for M221
 *fill*         0x0000000008007536        0x2 
 .rodata._ZTV4M270
                0x0000000008007538       0x10 CMakeFiles/ArmCpp.elf.dir/Cmd/M270.cpp.obj
                0x0000000008007538                vtable for M270
 .rodata._ZTI4M270
                0x0000000008007548        0xc CMakeFiles/ArmCpp.elf.dir/Cmd/M270.cpp.obj
                0x0000000008007548                typeinfo for M270
 .rodata._ZTS4M270
                0x0000000008007554        0x6 CMakeFiles/ArmCpp.elf.dir/Cmd/M270.cpp.obj
                0x0000000008007554                typeinfo name for M270
 *fill*         0x000000000800755a        0x2 
 .rodata._ZTV4M400
                0x000000000800755c       0x10 CMakeFiles/ArmCpp.elf.dir/Cmd/M400.cpp.obj
                0x000000000800755c                vtable for M400
 .rodata._ZTI4M400
                0x000000000800756c        0xc CMakeFiles/ArmCpp.elf.dir/Cmd/M400.cpp.obj
                0x000000000800756c                typeinfo for M400
 .rodata._ZTS4M400
                0x0000000008007578        0x6 CMakeFiles/ArmCpp.elf.dir/Cmd/M400.cpp.obj
                0x0000000008007578                typeinfo name for M400
 *fill*         0x000000000800757e        0x2 
 .rodata._ZTV3M80
                0x0000000008007580       0x10 CMakeFiles/ArmCpp.elf.dir/Cmd/M80.cpp.obj
                0x0000000008007580                vtable for M80
 .rodata._ZTI3M80
                0x0000000008007590        0xc CMakeFiles/ArmCpp.elf.dir/Cmd/M80.cpp.obj
                0x0000000008007590                typeinfo for M80
 .rodata._ZTS3M80
                0x000000000800759c        0x5 CMakeFiles/ArmCpp.elf.dir/Cmd/M80.cpp.obj
                0x000000000800759c                typeinfo name for M80
 *fill*         0x00000000080075a1        0x3 
 .rodata._ZTV3M81
                0x00000000080075a4       0x10 CMakeFiles/ArmCpp.elf.dir/Cmd/M81.cpp.obj
                0x00000000080075a4                vtable for M81
 .rodata._ZTI3M81
                0x00000000080075b4        0xc CMakeFiles/ArmCpp.elf.dir/Cmd/M81.cpp.obj
                0x00000000080075b4                typeinfo for M81
 .rodata._ZTS3M81
                0x00000000080075c0        0x5 CMakeFiles/ArmCpp.elf.dir/Cmd/M81.cpp.obj
                0x00000000080075c0                typeinfo name for M81
 *fill*         0x00000000080075c5        0x3 
 .rodata._ZTV3M82
                0x00000000080075c8       0x10 CMakeFiles/ArmCpp.elf.dir/Cmd/M82.cpp.obj
                0x00000000080075c8                vtable for M82
 .rodata._ZTI3M82
                0x00000000080075d8        0xc CMakeFiles/ArmCpp.elf.dir/Cmd/M82.cpp.obj
                0x00000000080075d8                typeinfo for M82
 .rodata._ZTS3M82
                0x00000000080075e4        0x5 CMakeFiles/ArmCpp.elf.dir/Cmd/M82.cpp.obj
                0x00000000080075e4                typeinfo name for M82
 *fill*         0x00000000080075e9        0x3 
 .rodata._ZTV2T0
                0x00000000080075ec       0x10 CMakeFiles/ArmCpp.elf.dir/Cmd/T0.cpp.obj
                0x00000000080075ec                vtable for T0
 .rodata._ZTI2T0
                0x00000000080075fc        0xc CMakeFiles/ArmCpp.elf.dir/Cmd/T0.cpp.obj
                0x00000000080075fc                typeinfo for T0
 .rodata._ZTS2T0
                0x0000000008007608        0x4 CMakeFiles/ArmCpp.elf.dir/Cmd/T0.cpp.obj
                0x0000000008007608                typeinfo name for T0
 .rodata._ZTV2X0
                0x000000000800760c       0x10 CMakeFiles/ArmCpp.elf.dir/Cmd/X0.cpp.obj
                0x000000000800760c                vtable for X0
 .rodata._ZTI2X0
                0x000000000800761c        0xc CMakeFiles/ArmCpp.elf.dir/Cmd/X0.cpp.obj
                0x000000000800761c                typeinfo for X0
 .rodata._ZTS2X0
                0x0000000008007628        0x4 CMakeFiles/ArmCpp.elf.dir/Cmd/X0.cpp.obj
                0x0000000008007628                typeinfo name for X0
 .rodata._ZTV3X10
                0x000000000800762c       0x10 CMakeFiles/ArmCpp.elf.dir/Cmd/X10.cpp.obj
                0x000000000800762c                vtable for X10
 .rodata._ZTI3X10
                0x000000000800763c        0xc CMakeFiles/ArmCpp.elf.dir/Cmd/X10.cpp.obj
                0x000000000800763c                typeinfo for X10
 .rodata._ZTS3X10
                0x0000000008007648        0x5 CMakeFiles/ArmCpp.elf.dir/Cmd/X10.cpp.obj
                0x0000000008007648                typeinfo name for X10
 *fill*         0x000000000800764d        0x3 
 .rodata._ZTV6CoreOs
                0x0000000008007650        0xc CMakeFiles/ArmCpp.elf.dir/Core/CoreOs.cpp.obj
                0x0000000008007650                vtable for CoreOs
 .rodata._ZTI6CoreOs
                0x000000000800765c        0xc CMakeFiles/ArmCpp.elf.dir/Core/CoreOs.cpp.obj
                0x000000000800765c                typeinfo for CoreOs
 .rodata._ZTS6CoreOs
                0x0000000008007668        0x8 CMakeFiles/ArmCpp.elf.dir/Core/CoreOs.cpp.obj
                0x0000000008007668                typeinfo name for CoreOs
 .rodata._ZL7Ntc_Tab
                0x0000000008007670      0x500 CMakeFiles/ArmCpp.elf.dir/Dev/Ntc.cpp.obj
 .rodata._ZTV7Command
                0x0000000008007b70       0x10 CMakeFiles/ArmCpp.elf.dir/DtLib/DtCmd/Command.cpp.obj
                0x0000000008007b70                vtable for Command
 .rodata._ZTI7Command
                0x0000000008007b80        0x8 CMakeFiles/ArmCpp.elf.dir/DtLib/DtCmd/Command.cpp.obj
                0x0000000008007b80                typeinfo for Command
 .rodata._ZTS7Command
                0x0000000008007b88        0x9 CMakeFiles/ArmCpp.elf.dir/DtLib/DtCmd/Command.cpp.obj
                0x0000000008007b88                typeinfo name for Command
 *fill*         0x0000000008007b91        0x3 
 .rodata._ZTV4DtOs
                0x0000000008007b94        0xc CMakeFiles/ArmCpp.elf.dir/DtLib/DtOs/DtOs.cpp.obj
                0x0000000008007b94                vtable for DtOs
 .rodata._ZTI4DtOs
                0x0000000008007ba0        0x8 CMakeFiles/ArmCpp.elf.dir/DtLib/DtOs/DtOs.cpp.obj
                0x0000000008007ba0                typeinfo for DtOs
 .rodata._ZTS4DtOs